Component: ARM Compiler 5.06 update 6 (build 750) Tool: armlink [4d35ed]

==============================================================================

Section Cross References

    main.o(i.USART1_IRQHandler) refers to queue.o(i.xQueueGiveFromISR) for xQueueGiveFromISR
    main.o(i.USART1_IRQHandler) refers to main.o(.bss) for buff
    main.o(i.USART1_IRQHandler) refers to main.o(.data) for i
    main.o(i.USARTSendString) refers to main.o(i.USARTSend) for USARTSend
    main.o(i.main) refers to system_stm32f7xx.o(i.SystemInit) for SystemInit
    main.o(i.main) refers to main.o(i.initRCC) for initRCC
    main.o(i.main) refers to system_stm32f7xx.o(i.SystemCoreClockUpdate) for SystemCoreClockUpdate
    main.o(i.main) refers to queue.o(i.xQueueGenericCreate) for xQueueGenericCreate
    main.o(i.main) refers to tasks.o(i.xTaskCreate) for xTaskCreate
    main.o(i.main) refers to tasks.o(i.vTaskStartScheduler) for vTaskStartScheduler
    main.o(i.main) refers to system_stm32f7xx.o(.data) for SystemCoreClock
    main.o(i.main) refers to main.o(.data) for xQueue
    main.o(i.main) refers to main.o(i.vSender) for vSender
    main.o(i.main) refers to main.o(i.vRxProcessor) for vRxProcessor
    main.o(i.vRxProcessor) refers to queue.o(i.xQueueSemaphoreTake) for xQueueSemaphoreTake
    main.o(i.vRxProcessor) refers to atof.o(i.__hardfp_atof) for __hardfp_atof
    main.o(i.vRxProcessor) refers to queue.o(i.xQueueGenericSend) for xQueueGenericSend
    main.o(i.vRxProcessor) refers to atoi.o(.text) for atoi
    main.o(i.vRxProcessor) refers to daddsub_clz.o(x$fpl$dadd) for __aeabi_dadd
    main.o(i.vRxProcessor) refers to daddsub_clz.o(x$fpl$dsub) for __aeabi_dsub
    main.o(i.vRxProcessor) refers to dmul.o(x$fpl$dmul) for __aeabi_dmul
    main.o(i.vRxProcessor) refers to deqf.o(x$fpl$deqf) for __aeabi_cdcmpeq
    main.o(i.vRxProcessor) refers to ddiv.o(x$fpl$ddiv) for __aeabi_ddiv
    main.o(i.vRxProcessor) refers to main.o(.data) for xProcessSemaphore
    main.o(i.vRxProcessor) refers to main.o(.bss) for buff
    main.o(i.vSender) refers to _printf_percent.o(.ARM.Collect$$_printf_percent$$00000000) for _printf_percent
    main.o(i.vSender) refers to _printf_f.o(.ARM.Collect$$_printf_percent$$00000003) for _printf_f
    main.o(i.vSender) refers to printf1.o(x$fpl$printf1) for _printf_fp_dec
    main.o(i.vSender) refers to main.o(i.USARTSendString) for USARTSendString
    main.o(i.vSender) refers to queue.o(i.xQueueSemaphoreTake) for xQueueSemaphoreTake
    main.o(i.vSender) refers to queue.o(i.xQueueReceive) for xQueueReceive
    main.o(i.vSender) refers to noretval__2sprintf.o(.text) for __2sprintf
    main.o(i.vSender) refers to main.o(.conststring) for .conststring
    main.o(i.vSender) refers to main.o(.data) for xSendSemaphore
    event_groups.o(i.vEventGroupClearBitsCallback) refers to event_groups.o(i.xEventGroupClearBits) for xEventGroupClearBits
    event_groups.o(i.vEventGroupDelete) refers to tasks.o(i.vTaskSuspendAll) for vTaskSuspendAll
    event_groups.o(i.vEventGroupDelete) refers to tasks.o(i.vTaskRemoveFromUnorderedEventList) for vTaskRemoveFromUnorderedEventList
    event_groups.o(i.vEventGroupDelete) refers to heap_1.o(i.vPortFree) for vPortFree
    event_groups.o(i.vEventGroupDelete) refers to tasks.o(i.xTaskResumeAll) for xTaskResumeAll
    event_groups.o(i.vEventGroupSetBitsCallback) refers to event_groups.o(i.xEventGroupSetBits) for xEventGroupSetBits
    event_groups.o(i.xEventGroupClearBits) refers to port.o(i.vPortEnterCritical) for vPortEnterCritical
    event_groups.o(i.xEventGroupClearBits) refers to port.o(i.vPortExitCritical) for vPortExitCritical
    event_groups.o(i.xEventGroupCreate) refers to heap_1.o(i.pvPortMalloc) for pvPortMalloc
    event_groups.o(i.xEventGroupCreate) refers to list.o(i.vListInitialise) for vListInitialise
    event_groups.o(i.xEventGroupSetBits) refers to tasks.o(i.vTaskSuspendAll) for vTaskSuspendAll
    event_groups.o(i.xEventGroupSetBits) refers to tasks.o(i.vTaskRemoveFromUnorderedEventList) for vTaskRemoveFromUnorderedEventList
    event_groups.o(i.xEventGroupSetBits) refers to tasks.o(i.xTaskResumeAll) for xTaskResumeAll
    event_groups.o(i.xEventGroupSync) refers to tasks.o(i.vTaskSuspendAll) for vTaskSuspendAll
    event_groups.o(i.xEventGroupSync) refers to event_groups.o(i.xEventGroupSetBits) for xEventGroupSetBits
    event_groups.o(i.xEventGroupSync) refers to tasks.o(i.vTaskPlaceOnUnorderedEventList) for vTaskPlaceOnUnorderedEventList
    event_groups.o(i.xEventGroupSync) refers to tasks.o(i.xTaskResumeAll) for xTaskResumeAll
    event_groups.o(i.xEventGroupSync) refers to tasks.o(i.uxTaskResetEventItemValue) for uxTaskResetEventItemValue
    event_groups.o(i.xEventGroupSync) refers to port.o(i.vPortEnterCritical) for vPortEnterCritical
    event_groups.o(i.xEventGroupSync) refers to port.o(i.vPortExitCritical) for vPortExitCritical
[...]
    $v0                                      0x0800028c   Number         0  port.o(.emb_text)
    .text                                    0x08000350   Section       64  startup_stm32f746xx.o(.text)
    $v0                                      0x08000350   Number         0  startup_stm32f746xx.o(.text)
    .text                                    0x08000390   Section        0  noretval__2sprintf.o(.text)
    .text                                    0x080003b8   Section        0  __printf.o(.text)
    .text                                    0x08000420   Section        0  atoi.o(.text)
    .text                                    0x0800043a   Section      138  rt_memcpy_v6.o(.text)
    .text                                    0x080004c4   Section        0  heapauxi.o(.text)
    .text                                    0x080004cc   Section        8  rt_errno_addr_intlibspace.o(.text)
    .text                                    0x080004d4   Section        0  _rserrno.o(.text)
    .text                                    0x080004ea   Section        0  _printf_fp_dec.o(.text)
    _fp_digits                               0x080004ed   Thumb Code   432  _printf_fp_dec.o(.text)
    .text                                    0x08000908   Section        0  _printf_char_common.o(.text)
    _printf_input_char                       0x08000909   Thumb Code    10  _printf_char_common.o(.text)
    .text                                    0x08000938   Section        0  _sputc.o(.text)
    .text                                    0x08000944   Section        0  strtod.o(.text)
    _local_sscanf                            0x08000945   Thumb Code    60  strtod.o(.text)
    .text                                    0x080009e8   Section        0  strtol.o(.text)
    .text                                    0x08000a58   Section      100  rt_memcpy_w.o(.text)
    .text                                    0x08000abc   Section        8  libspace.o(.text)
    .text                                    0x08000ac4   Section       16  rt_ctype_table.o(.text)
    .text                                    0x08000ad4   Section        8  rt_locale_intlibspace.o(.text)
    .text                                    0x08000adc   Section      138  lludiv10.o(.text)
    .text                                    0x08000b66   Section        0  isspace.o(.text)
    .text                                    0x08000b78   Section        0  _printf_fp_infnan.o(.text)
    .text                                    0x08000bf8   Section        0  _sgetc.o(.text)
    .text                                    0x08000c38   Section        0  _strtoul.o(.text)
    .text                                    0x08000cd8   Section        0  bigflt0.o(.text)
    .text                                    0x08000dbc   Section       74  sys_stackheap_outer.o(.text)
    .text                                    0x08000e06   Section        0  _chval.o(.text)
    .text                                    0x08000e24   Section        0  scanf_fp.o(.text)
    _fp_value                                0x08000e25   Thumb Code   588  scanf_fp.o(.text)
    .text                                    0x0800131c   Section        0  exit.o(.text)
    .text                                    0x08001330   Section      104  strcmpv7m_pel.o(.text)
    .text                                    0x08001398   Section        0  scanf_hexfp.o(.text)
    .text                                    0x080016b8   Section        0  scanf_infnan.o(.text)
    .text                                    0x080017ec   Section        0  sys_exit.o(.text)
    .text                                    0x080017f8   Section       38  llshl.o(.text)
    .text                                    0x0800181e   Section        2  use_no_semi.o(.text)
    .text                                    0x08001820   Section        0  indicate_semi.o(.text)
    CL$$btod_d2e                             0x08001820   Section       62  btod.o(CL$$btod_d2e)
    CL$$btod_d2e_denorm_low                  0x0800185e   Section       70  btod.o(CL$$btod_d2e_denorm_low)
    CL$$btod_d2e_norm_op1                    0x080018a4   Section       96  btod.o(CL$$btod_d2e_norm_op1)
    CL$$btod_div_common                      0x08001904   Section      824  btod.o(CL$$btod_div_common)
    CL$$btod_e2d                             0x08001c3c   Section      132  btod.o(CL$$btod_e2d)
    CL$$btod_e2e                             0x08001cc0   Section      220  btod.o(CL$$btod_e2e)
    CL$$btod_ediv                            0x08001d9c   Section       42  btod.o(CL$$btod_ediv)
    CL$$btod_edivd                           0x08001dc6   Section       42  btod.o(CL$$btod_edivd)
    CL$$btod_emul                            0x08001df0   Section       42  btod.o(CL$$btod_emul)
    CL$$btod_emuld                           0x08001e1a   Section       42  btod.o(CL$$btod_emuld)
    CL$$btod_mult_common                     0x08001e44   Section      580  btod.o(CL$$btod_mult_common)
    i.SysTick_Handler                        0x08002088   Section        0  port.o(i.SysTick_Handler)
    i.SystemCoreClockUpdate                  0x080020c0   Section        0  system_stm32f7xx.o(i.SystemCoreClockUpdate)
    i.SystemInit                             0x08002180   Section        0  system_stm32f7xx.o(i.SystemInit)
    i.USART1_IRQHandler                      0x080021e0   Section        0  main.o(i.USART1_IRQHandler)
    i.USARTSend                              0x08002230   Section        0  main.o(i.USARTSend)
    i.USARTSendString                        0x08002248   Section        0  main.o(i.USARTSendString)
    i.__ARM_fpclassify                       0x08002268   Section        0  fpclassify.o(i.__ARM_fpclassify)
    i.__hardfp___mathlib_tofloat             0x08002298   Section        0  narrow.o(i.__hardfp___mathlib_tofloat)
    i.__hardfp_atof                          0x08002390   Section        0  atof.o(i.__hardfp_atof)
    i.__hardfp_ldexp                         0x080023c8   Section        0  ldexp.o(i.__hardfp_ldexp)
    i.__mathlib_dbl_overflow                 0x08002498   Section        0  dunder.o(i.__mathlib_dbl_overflow)
    i.__mathlib_dbl_underflow                0x080024b8   Section        0  dunder.o(i.__mathlib_dbl_underflow)
    i.__mathlib_narrow                       0x080024d8   Section        0  narrow.o(i.__mathlib_narrow)
    i.__support_ldexp                        0x080024ea   Section        0  ldexp.o(i.__support_ldexp)
    i._is_digit                              0x080024fe   Section        0  __printf_wp.o(i._is_digit)
    i.frexp                                  0x08002510   Section        0  frexp.o(i.frexp)
    i.initRCC                                0x0800259c   Section        0  main.o(i.initRCC)
    i.main                                   0x08002654   Section        0  main.o(i.main)
    i.prvAddCurrentTaskToDelayedList         0x0800272c   Section        0  tasks.o(i.prvAddCurrentTaskToDelayedList)
    prvAddCurrentTaskToDelayedList           0x0800272d   Thumb Code   100  tasks.o(i.prvAddCurrentTaskToDelayedList)
    i.prvAddNewTaskToReadyList               0x080027a8   Section        0  tasks.o(i.prvAddNewTaskToReadyList)
    prvAddNewTaskToReadyList                 0x080027a9   Thumb Code   148  tasks.o(i.prvAddNewTaskToReadyList)
    i.prvCheckTasksWaitingTermination        0x08002858   Section        0  tasks.o(i.prvCheckTasksWaitingTermination)
    prvCheckTasksWaitingTermination          0x08002859   Thumb Code    60  tasks.o(i.prvCheckTasksWaitingTermination)
    i.prvCopyDataFromQueue                   0x080028a0   Section        0  queue.o(i.prvCopyDataFromQueue)
    prvCopyDataFromQueue                     0x080028a1   Thumb Code    42  queue.o(i.prvCopyDataFromQueue)
    i.prvCopyDataToQueue                     0x080028ca   Section        0  queue.o(i.prvCopyDataToQueue)
    prvCopyDataToQueue                       0x080028cb   Thumb Code   106  queue.o(i.prvCopyDataToQueue)
    i.prvDeleteTCB                           0x08002934   Section        0  tasks.o(i.prvDeleteTCB)
    prvDeleteTCB                             0x08002935   Thumb Code    18  tasks.o(i.prvDeleteTCB)
    i.prvIdleTask                            0x08002948   Section        0  tasks.o(i.prvIdleTask)
    prvIdleTask                              0x08002949   Thumb Code    32  tasks.o(i.prvIdleTask)
    i.prvInitialiseNewQueue                  0x08002970   Section        0  queue.o(i.prvInitialiseNewQueue)
    prvInitialiseNewQueue                    0x08002971   Thumb Code    38  queue.o(i.prvInitialiseNewQueue)
    i.prvInitialiseNewTask                   0x08002996   Section        0  tasks.o(i.prvInitialiseNewTask)
    prvInitialiseNewTask                     0x08002997   Thumb Code   148  tasks.o(i.prvInitialiseNewTask)
    i.prvInitialiseTaskLists                 0x08002a2c   Section        0  tasks.o(i.prvInitialiseTaskLists)
    prvInitialiseTaskLists                   0x08002a2d   Thumb Code    70  tasks.o(i.prvInitialiseTaskLists)
    i.prvIsQueueEmpty                        0x08002a94   Section        0  queue.o(i.prvIsQueueEmpty)
    prvIsQueueEmpty                          0x08002a95   Thumb Code    26  queue.o(i.prvIsQueueEmpty)
    i.prvIsQueueFull                         0x08002aae   Section        0  queue.o(i.prvIsQueueFull)
    prvIsQueueFull                           0x08002aaf   Thumb Code    30  queue.o(i.prvIsQueueFull)
    i.prvResetNextTaskUnblockTime            0x08002acc   Section        0  tasks.o(i.prvResetNextTaskUnblockTime)
    prvResetNextTaskUnblockTime              0x08002acd   Thumb Code    42  tasks.o(i.prvResetNextTaskUnblockTime)
    i.prvTaskExitError                       0x08002b00   Section        0  port.o(i.prvTaskExitError)
    prvTaskExitError                         0x08002b01   Thumb Code    26  port.o(i.prvTaskExitError)
    i.prvUnlockQueue                         0x08002b1a   Section        0  queue.o(i.prvUnlockQueue)
    prvUnlockQueue                           0x08002b1b   Thumb Code   126  queue.o(i.prvUnlockQueue)
    i.pvPortMalloc                           0x08002b98   Section        0  heap_1.o(i.pvPortMalloc)
    i.pxPortInitialiseStack                  0x08002c08   Section        0  port.o(i.pxPortInitialiseStack)
    i.uxListRemove                           0x08002c34   Section        0  list.o(i.uxListRemove)
    i.vListInitialise                        0x08002c5c   Section        0  list.o(i.vListInitialise)
    i.vListInitialiseItem                    0x08002c76   Section        0  list.o(i.vListInitialiseItem)
    i.vListInsert                            0x08002c7c   Section        0  list.o(i.vListInsert)
    i.vListInsertEnd                         0x08002cb0   Section        0  list.o(i.vListInsertEnd)
    i.vPortEnterCritical                     0x08002cc8   Section        0  port.o(i.vPortEnterCritical)
    i.vPortExitCritical                      0x08002cf0   Section        0  port.o(i.vPortExitCritical)
    i.vPortFree                              0x08002d10   Section        0  heap_1.o(i.vPortFree)
    i.vPortSetupTimerInterrupt               0x08002d14   Section        0  port.o(i.vPortSetupTimerInterrupt)
    i.vRxProcessor                           0x08002d2c   Section        0  main.o(i.vRxProcessor)
    i.vSender                                0x08002e94   Section        0  main.o(i.vSender)
    i.vTaskInternalSetTimeOutState           0x08003010   Section        0  tasks.o(i.vTaskInternalSetTimeOutState)
    i.vTaskMissedYield                       0x08003028   Section        0  tasks.o(i.vTaskMissedYield)
    i.vTaskPlaceOnEventList                  0x08003034   Section        0  tasks.o(i.vTaskPlaceOnEventList)
    i.vTaskStartScheduler                    0x08003054   Section        0  tasks.o(i.vTaskStartScheduler)
    i.vTaskSuspendAll                        0x080030bc   Section        0  tasks.o(i.vTaskSuspendAll)
    i.vTaskSwitchContext                     0x080030cc   Section        0  tasks.o(i.vTaskSwitchContext)
    i.xPortStartScheduler                    0x08003144   Section        0  port.o(i.xPortStartScheduler)
    i.xQueueGenericCreate                    0x0800318c   Section        0  queue.o(i.xQueueGenericCreate)
    i.xQueueGenericReset                     0x080031c4   Section        0  queue.o(i.xQueueGenericReset)
    i.xQueueGenericSend                      0x08003244   Section        0  queue.o(i.xQueueGenericSend)
    i.xQueueGiveFromISR                      0x0800335c   Section        0  queue.o(i.xQueueGiveFromISR)
    i.xQueueReceive                          0x080033d8   Section        0  queue.o(i.xQueueReceive)
    i.xQueueSemaphoreTake                    0x080034dc   Section        0  queue.o(i.xQueueSemaphoreTake)
    i.xTaskCheckForTimeOut                   0x080035cc   Section        0  tasks.o(i.xTaskCheckForTimeOut)
    i.xTaskCreate                            0x08003628   Section        0  tasks.o(i.xTaskCreate)
    i.xTaskIncrementTick                     0x08003688   Section        0  tasks.o(i.xTaskIncrementTick)
    i.xTaskRemoveFromEventList               0x080037a0   Section        0  tasks.o(i.xTaskRemoveFromEventList)
    i.xTaskResumeAll                         0x08003820   Section        0  tasks.o(i.xTaskResumeAll)
    locale$$code                             0x08003908   Section       44  lc_numeric_c.o(locale$$code)
    locale$$code                             0x08003934   Section       44  lc_ctype_c.o(locale$$code)
    x$fpl$d2f                                0x08003960   Section       98  d2f.o(x$fpl$d2f)
    $v0                                      0x08003960   Number         0  d2f.o(x$fpl$d2f)
    x$fpl$dadd                               0x080039c4   Section      336  daddsub_clz.o(x$fpl$dadd)
    $v0                                      0x080039c4   Number         0  daddsub_clz.o(x$fpl$dadd)
    _dadd1                                   0x080039d5   Thumb Code     0  daddsub_clz.o(x$fpl$dadd)
    x$fpl$dcheck1                            0x08003b14   Section       16  dcheck1.o(x$fpl$dcheck1)
    $v0                                      0x08003b14   Number         0  dcheck1.o(x$fpl$dcheck1)
    x$fpl$dcmpinf                            0x08003b24   Section       24  dcmpi.o(x$fpl$dcmpinf)
    $v0                                      0x08003b24   Number         0  dcmpi.o(x$fpl$dcmpinf)
    x$fpl$ddiv                               0x08003b3c   Section      688  ddiv.o(x$fpl$ddiv)
    $v0                                      0x08003b3c   Number         0  ddiv.o(x$fpl$ddiv)
    ddiv_entry                               0x08003b43   Thumb Code     0  ddiv.o(x$fpl$ddiv)
    x$fpl$deqf                               0x08003dec   Section      120  deqf.o(x$fpl$deqf)
    $v0                                      0x08003dec   Number         0  deqf.o(x$fpl$deqf)
    x$fpl$dleqf                              0x08003e64   Section      120  dleqf.o(x$fpl$dleqf)
    $v0                                      0x08003e64   Number         0  dleqf.o(x$fpl$dleqf)
    x$fpl$dmul                               0x08003edc   Section      340  dmul.o(x$fpl$dmul)
    $v0                                      0x08003edc   Number         0  dmul.o(x$fpl$dmul)
    x$fpl$dnaninf                            0x08004030   Section      156  dnaninf.o(x$fpl$dnaninf)
    $v0                                      0x08004030   Number         0  dnaninf.o(x$fpl$dnaninf)
    x$fpl$dretinf                            0x080040cc   Section       12  dretinf.o(x$fpl$dretinf)
    $v0                                      0x080040cc   Number         0  dretinf.o(x$fpl$dretinf)
    x$fpl$drleqf                             0x080040d8   Section      108  drleqf.o(x$fpl$drleqf)
    $v0                                      0x080040d8   Number         0  drleqf.o(x$fpl$drleqf)
    x$fpl$dsub                               0x08004144   Section      468  daddsub_clz.o(x$fpl$dsub)
    $v0                                      0x08004144   Number         0  daddsub_clz.o(x$fpl$dsub)
    _dsub1                                   0x08004155   Thumb Code     0  daddsub_clz.o(x$fpl$dsub)
    x$fpl$fpinit                             0x08004318   Section       10  fpinit.o(x$fpl$fpinit)
    $v0                                      0x08004318   Number         0  fpinit.o(x$fpl$fpinit)
    x$fpl$fretinf                            0x08004322   Section       10  fretinf.o(x$fpl$fretinf)
    $v0                                      0x08004322   Number         0  fretinf.o(x$fpl$fretinf)
    x$fpl$ieeestatus                         0x0800432c   Section        6  istatus.o(x$fpl$ieeestatus)
    $v0                                      0x0800432c   Number         0  istatus.o(x$fpl$ieeestatus)
    x$fpl$printf1                            0x08004332   Section        4  printf1.o(x$fpl$printf1)
    $v0                                      0x08004332   Number         0  printf1.o(x$fpl$printf1)
    x$fpl$retnan                             0x08004336   Section      100  retnan.o(x$fpl$retnan)
    $v0                                      0x08004336   Number         0  retnan.o(x$fpl$retnan)
    x$fpl$scalbn                             0x0800439a   Section       92  scalbn.o(x$fpl$scalbn)
    $v0                                      0x0800439a   Number         0  scalbn.o(x$fpl$scalbn)
    x$fpl$scanf1                             0x080043f6   Section        4  scanf1.o(x$fpl$scanf1)
    $v0                                      0x080043f6   Number         0  scanf1.o(x$fpl$scanf1)
    x$fpl$scanf2                             0x080043fa   Section        8  scanf2.o(x$fpl$scanf2)
    $v0                                      0x080043fa   Number         0  scanf2.o(x$fpl$scanf2)
    x$fpl$trapveneer                         0x08004402   Section       48  trapv.o(x$fpl$trapveneer)
    $v0                                      0x08004402   Number         0  trapv.o(x$fpl$trapveneer)
    .constdata                               0x08004432   Section       24  system_stm32f7xx.o(.constdata)
    x$fpl$usenofp                            0x08004432   Section        0  usenofp.o(x$fpl$usenofp)
    .constdata                               0x0800444c   Section      148  bigflt0.o(.constdata)
    tenpwrs_x                                0x0800444c   Data          60  bigflt0.o(.constdata)
    tenpwrs_i                                0x08004488   Data          64  bigflt0.o(.constdata)
    .conststring                             0x080044e0   Section       78  main.o(.conststring)
    c$$dinf                                  0x08004550   Section        8  fpconst.o(c$$dinf)
    c$$dmax                                  0x08004558   Section        8  fpconst.o(c$$dmax)
    locale$$data                             0x08004560   Section       28  lc_numeric_c.o(locale$$data)
    __lcnum_c_name                           0x08004564   Data           2  lc_numeric_c.o(locale$$data)
    __lcnum_c_start                          0x0800456c   Data           0  lc_numeric_c.o(locale$$data)
    __lcnum_c_point                          0x08004578   Data           0  lc_numeric_c.o(locale$$data)
    __lcnum_c_thousands                      0x0800457a   Data           0  lc_numeric_c.o(locale$$data)
    __lcnum_c_grouping                       0x0800457b   Data           0  lc_numeric_c.o(locale$$data)
    locale$$data                             0x0800457c   Section      272  lc_ctype_c.o(locale$$data)
    __lcnum_c_end                            0x0800457c   Data           0  lc_numeric_c.o(locale$$data)
    __lcctype_c_name                         0x08004580   Data           2  lc_ctype_c.o(locale$$data)
    __lcctype_c_start                        0x08004588   Data           0  lc_ctype_c.o(locale$$data)
    __lcctype_c_end                          0x0800468c   Data           0  lc_ctype_c.o(locale$$data)
    .data                                    0x20010000   Section       14  main.o(.data)
    i                                        0x2001000c   Data           1  main.o(.data)
    i                                        0x2001000d   Data           1  main.o(.data)
    .data                                    0x20010010   Section        8  heap_1.o(.data)
    xNextFreeByte                            0x20010010   Data           4  heap_1.o(.data)
    pucAlignedHeap                           0x20010014   Data           4  heap_1.o(.data)
    .data                                    0x20010018   Section        4  port.o(.data)
    uxCriticalNesting                        0x20010018   Data           4  port.o(.data)
    .data                                    0x2001001c   Section       60  tasks.o(.data)
    pxDelayedTaskList                        0x20010020   Data           4  tasks.o(.data)
    pxOverflowDelayedTaskList                0x20010024   Data           4  tasks.o(.data)
    uxDeletedTasksWaitingCleanUp             0x20010028   Data           4  tasks.o(.data)
    uxCurrentNumberOfTasks                   0x2001002c   Data           4  tasks.o(.data)
    xTickCount                               0x20010030   Data           4  tasks.o(.data)
    uxTopReadyPriority                       0x20010034   Data           4  tasks.o(.data)
    xSchedulerRunning                        0x20010038   Data           4  tasks.o(.data)
    uxPendedTicks                            0x2001003c   Data           4  tasks.o(.data)
    xYieldPending                            0x20010040   Data           4  tasks.o(.data)
    xNumOfOverflows                          0x20010044   Data           4  tasks.o(.data)
    uxTaskNumber                             0x20010048   Data           4  tasks.o(.data)
    xNextTaskUnblockTime                     0x2001004c   Data           4  tasks.o(.data)
    xIdleTaskHandle                          0x20010050   Data           4  tasks.o(.data)
    uxSchedulerSuspended                     0x20010054   Data           4  tasks.o(.data)
    .data                                    0x20010058   Section        4  system_stm32f7xx.o(.data)
    .bss                                     0x2001005c   Section       20  main.o(.bss)
    .bss                                     0x20010070   Section     8192  heap_1.o(.bss)
    ucHeap                                   0x20010070   Data        8192  heap_1.o(.bss)
    .bss                                     0x20012070   Section      200  tasks.o(.bss)
    pxReadyTasksLists                        0x20012070   Data         100  tasks.o(.bss)
    xDelayedTaskList1                        0x200120d4   Data          20  tasks.o(.bss)
    xDelayedTaskList2                        0x200120e8   Data          20  tasks.o(.bss)
    xPendingReadyList                        0x200120fc   Data          20  tasks.o(.bss)
    xTasksWaitingTermination                 0x20012110   Data          20  tasks.o(.bss)
    xSuspendedTaskList                       0x20012124   Data          20  tasks.o(.bss)
    .bss                                     0x20012138   Section       96  libspace.o(.bss)
    HEAP                                     0x20012198   Section     8192  startup_stm32f746xx.o(HEAP)
    Heap_Mem                                 0x20012198   Data        8192  startup_stm32f746xx.o(HEAP)
    STACK                                    0x20014198   Section    16384  startup_stm32f746xx.o(STACK)
    Stack_Mem                                0x20014198   Data       16384  startup_stm32f746xx.o(STACK)
    __initial_sp                             0x20018198   Data           0  startup_stm32f746xx.o(STACK)

    Global Symbols

    Symbol Name                              Value     Ov Type        Size  Object(Section)

    BuildAttributes$$THM_ISAv4$E$P$D$K$B$S$7EM$VFPi5$EXTD16$VFPS$VFMA$PE$PLD8$A:L22UL41UL21$X:L11$S22US41US21$IEEE1$IW$USESV6$~STKCKD$USESV7$~SHL$OTIME$ROPI$IEEEX$EBA8$UX$STANDARDLIB$REQ8$PRES8$EABIv2 0x00000000   Number         0  anon$$obj.o ABSOLUTE
    __ARM_use_no_argv                        0x00000000   Number         0  main.o ABSOLUTE
    __ARM_exceptions_init                     - Undefined Weak Reference
    __alloca_initialize                       - Undefined Weak Reference
    __arm_preinit_                            - Undefined Weak Reference
    __cpp_initialize__aeabi_                  - Undefined Weak Reference
    __cxa_finalize                            - Undefined Weak Reference
    __sigvec_lookup                           - Undefined Weak Reference
    _atexit_init                              - Undefined Weak Reference
    _call_atexit_fns                          - Undefined Weak Reference
    _clock_init                               - Undefined Weak Reference
    _fp_trap_init                             - Undefined Weak Reference
    _fp_trap_shutdown                         - Undefined Weak Reference
    _get_lc_collate                           - Undefined Weak Reference
    _get_lc_monetary                          - Undefined Weak Reference
    _get_lc_time                              - Undefined Weak Reference
    _getenv_init                              - Undefined Weak Reference
    _handle_redirection                       - Undefined Weak Reference
    _init_alloc                               - Undefined Weak Reference
    _init_user_alloc                          - Undefined Weak Reference
    _initio                                   - Undefined Weak Reference
    _printf_post_padding                      - Undefined Weak Reference
    _printf_pre_padding                       - Undefined Weak Reference
    _rand_init                                - Undefined Weak Reference
    _signal_finish                            - Undefined Weak Reference
    _signal_init                              - Undefined Weak Reference
    _terminate_alloc                          - Undefined Weak Reference
    _terminate_user_alloc                     - Undefined Weak Reference
    _terminateio                              - Undefined Weak Reference
    __Vectors_Size                           0x000001c8   Number         0  startup_stm32f746xx.o ABSOLUTE
    __Vectors                                0x08000000   Data           4  startup_stm32f746xx.o(RESET)
    __Vectors_End                            0x080001c8   Data           0  startup_stm32f746xx.o(RESET)
    __main                                   0x080001c9   Thumb Code     8  __main.o(!!!main)
    __scatterload                            0x080001d1   Thumb Code     0  __scatter.o(!!!scatter)
    __scatterload_rt2                        0x080001d1   Thumb Code    44  __scatter.o(!!!scatter)
    __scatterload_rt2_thumb_only             0x080001d1   Thumb Code     0  __scatter.o(!!!scatter)
    __scatterload_null                       0x080001df   Thumb Code     0  __scatter.o(!!!scatter)
    __scatterload_copy                       0x08000205   Thumb Code    26  __scatter_copy.o(!!handler_copy)
    __scatterload_zeroinit                   0x08000221   Thumb Code    28  __scatter_zi.o(!!handler_zi)
    _printf_f                                0x0800023d   Thumb Code     0  _printf_f.o(.ARM.Collect$$_printf_percent$$00000003)
    _printf_percent                          0x0800023d   Thumb Code     0  _printf_percent.o(.ARM.Collect$$_printf_percent$$00000000)
    _printf_percent_end                      0x08000243   Thumb Code     0  _printf_percent_end.o(.ARM.Collect$$_printf_percent$$00000017)
    __rt_lib_init                            0x08000247   Thumb Code     0  libinit.o(.ARM.Collect$$libinit$$00000000)
    __rt_lib_init_fp_1                       0x08000249   Thumb Code     0  libinit2.o(.ARM.Collect$$libinit$$00000001)
    __rt_lib_init_heap_1                     0x0800024d   Thumb Code     0  libinit2.o(.ARM.Collect$$libinit$$0000000A)
    __rt_lib_init_lc_common                  0x0800024d   Thumb Code     0  libinit2.o(.ARM.Collect$$libinit$$0000000F)
    __rt_lib_init_preinit_1                  0x0800024d   Thumb Code     0  libinit2.o(.ARM.Collect$$libinit$$00000004)
    __rt_lib_init_rand_1                     0x0800024d   Thumb Code     0  libinit2.o(.ARM.Collect$$libinit$$0000000E)
    __rt_lib_init_user_alloc_1               0x0800024d   Thumb Code     0  libinit2.o(.ARM.Collect$$libinit$$0000000C)
    __rt_lib_init_lc_collate_1               0x08000253   Thumb Code     0  libinit2.o(.ARM.Collect$$libinit$$00000011)
    __rt_lib_init_lc_ctype_2                 0x08000253   Thumb Code     0  libinit2.o(.ARM.Collect$$libinit$$00000012)
    __rt_lib_init_lc_ctype_1                 0x0800025f   Thumb Code     0  libinit2.o(.ARM.Collect$$libinit$$00000013)
    __rt_lib_init_lc_monetary_1              0x0800025f   Thumb Code     0  libinit2.o(.ARM.Collect$$libinit$$00000015)
    __rt_lib_init_lc_numeric_2               0x0800025f   Thumb Code     0  libinit2.o(.ARM.Collect$$libinit$$00000016)
    __rt_lib_init_alloca_1                   0x08000269   Thumb Code     0  libinit2.o(.ARM.Collect$$libinit$$0000002E)
    __rt_lib_init_argv_1                     0x08000269   Thumb Code     0  libinit2.o(.ARM.Collect$$libinit$$0000002C)
    __rt_lib_init_atexit_1                   0x08000269   Thumb Code     0  libinit2.o(.ARM.Collect$$libinit$$0000001B)
    __rt_lib_init_clock_1                    0x08000269   Thumb Code     0  libinit2.o(.ARM.Collect$$libinit$$00000021)
    __rt_lib_init_cpp_1                      0x08000269   Thumb Code     0  libinit2.o(.ARM.Collect$$libinit$$00000032)
    __rt_lib_init_exceptions_1               0x08000269   Thumb Code     0  libinit2.o(.ARM.Collect$$libinit$$00000030)
    __rt_lib_init_fp_trap_1                  0x08000269   Thumb Code     0  libinit2.o(.ARM.Collect$$libinit$$0000001F)
    __rt_lib_init_getenv_1                   0x08000269   Thumb Code     0  libinit2.o(.ARM.Collect$$libinit$$00000023)
    __rt_lib_init_lc_numeric_1               0x08000269   Thumb Code     0  libinit2.o(.ARM.Collect$$libinit$$00000017)
    __rt_lib_init_lc_time_1                  0x08000269   Thumb Code     0  libinit2.o(.ARM.Collect$$libinit$$00000019)
    __rt_lib_init_return                     0x08000269   Thumb Code     0  libinit2.o(.ARM.Collect$$libinit$$00000033)
    __rt_lib_init_signal_1                   0x08000269   Thumb Code     0  libinit2.o(.ARM.Collect$$libinit$$0000001D)
    __rt_lib_init_stdio_1                    0x08000269   Thumb Code     0  libinit2.o(.ARM.Collect$$libinit$$00000025)
    __rt_lib_shutdown                        0x0800026b   Thumb Code     0  libshutdown.o(.ARM.Collect$$libshutdown$$00000000)
    __rt_lib_shutdown_cpp_1                  0x0800026d   Thumb Code     0  libshutdown2.o(.ARM.Collect$$libshutdown$$00000002)
    __rt_lib_shutdown_fp_trap_1              0x0800026d   Thumb Code     0  libshutdown2.o(.ARM.Collect$$libshutdown$$00000007)
    __rt_lib_shutdown_heap_1                 0x0800026d   Thumb Code     0  libshutdown2.o(.ARM.Collect$$libshutdown$$0000000F)
    __rt_lib_shutdown_return                 0x0800026d   Thumb Code     0  libshutdown2.o(.ARM.Collect$$libshutdown$$00000010)
    __rt_lib_shutdown_signal_1               0x0800026d   Thumb Code     0  libshutdown2.o(.ARM.Collect$$libshutdown$$0000000A)
    __rt_lib_shutdown_stdio_1                0x0800026d   Thumb Code     0  libshutdown2.o(.ARM.Collect$$libshutdown$$00000004)
    __rt_lib_shutdown_user_alloc_1           0x0800026d   Thumb Code     0  libshutdown2.o(.ARM.Collect$$libshutdown$$0000000C)
    __rt_entry                               0x0800026f   Thumb Code     0  __rtentry.o(.ARM.Collect$$rtentry$$00000000)
    __rt_entry_presh_1                       0x0800026f   Thumb Code     0  __rtentry2.o(.ARM.Collect$$rtentry$$00000002)
    __rt_entry_sh                            0x0800026f   Thumb Code     0  __rtentry4.o(.ARM.Collect$$rtentry$$00000004)
    __rt_entry_li                            0x08000275   Thumb Code     0  __rtentry2.o(.ARM.Collect$$rtentry$$0000000A)
    __rt_entry_postsh_1                      0x08000275   Thumb Code     0  __rtentry2.o(.ARM.Collect$$rtentry$$00000009)
    __rt_entry_main                          0x08000279   Thumb Code     0  __rtentry2.o(.ARM.Collect$$rtentry$$0000000D)
    __rt_entry_postli_1                      0x08000279   Thumb Code     0  __rtentry2.o(.ARM.Collect$$rtentry$$0000000C)
    __rt_exit                                0x08000281   Thumb Code     0  rtexit.o(.ARM.Collect$$rtexit$$00000000)
    __rt_exit_ls                             0x08000283   Thumb Code     0  rtexit2.o(.ARM.Collect$$rtexit$$00000003)
    __rt_exit_prels_1                        0x08000283   Thumb Code     0  rtexit2.o(.ARM.Collect$$rtexit$$00000002)
    __rt_exit_exit                           0x08000287   Thumb Code     0  rtexit2.o(.ARM.Collect$$rtexit$$00000004)
    SVC_Handler                              0x0800028d   Thumb Code    28  port.o(.emb_text)
    __asm___6_port_c_39a90d8d__prvStartFirstTask 0x080002ad   Thumb Code    36  port.o(.emb_text)
    __asm___6_port_c_39a90d8d__prvEnableVFP  0x080002d5   Thumb Code    16  port.o(.emb_text)
    PendSV_Handler                           0x080002e9   Thumb Code    92  port.o(.emb_text)
    vPortGetIPSR                             0x08000349   Thumb Code     6  port.o(.emb_text)
    Reset_Handler                            0x08000351   Thumb Code     8  startup_stm32f746xx.o(.text)
    NMI_Handler                              0x08000359   Thumb Code     2  startup_stm32f746xx.o(.text)
    HardFault_Handler                        0x0800035b   Thumb Code     2  startup_stm32f746xx.o(.text)
    MemManage_Handler                        0x0800035d   Thumb Code     2  startup_stm32f746xx.o(.text)
    BusFault_Handler                         0x0800035f   Thumb Code     2  startup_stm32f746xx.o(.text)
    UsageFault_Handler                       0x08000361   Thumb Code     2  startup_stm32f746xx.o(.text)
    DebugMon_Handler                         0x08000365   Thumb Code     2  startup_stm32f746xx.o(.text)
    ADC_IRQHandler                           0x0800036b   Thumb Code     0  startup_stm32f746xx.o(.text)
    CAN1_RX0_IRQHandler                      0x0800036b   Thumb Code     0  startup_stm32f746xx.o(.text)
    CAN1_RX1_IRQHandler                      0x0800036b   Thumb Code     0  startup_stm32f746xx.o(.text)
    CAN1_SCE_IRQHandler                      0x0800036b   Thumb Code     0  startup_stm32f746xx.o(.text)
    CAN1_TX_IRQHandler                       0x0800036b   Thumb Code     0  startup_stm32f746xx.o(.text)
    CAN2_RX0_IRQHandler                      0x0800036b   Thumb Code     0  startup_stm32f746xx.o(.text)
    CAN2_RX1_IRQHandler                      0x0800036b   Thumb Code     0  startup_stm32f746xx.o(.text)
    CAN2_SCE_IRQHandler                      0x0800036b   Thumb Code     0  startup_stm32f746xx.o(.text)
    CAN2_TX_IRQHandler                       0x0800036b   Thumb Code     0  startup_stm32f746xx.o(.text)
    CEC_IRQHandler                           0x0800036b   Thumb Code     0  startup_stm32f746xx.o(.text)
    DCMI_IRQHandler                          0x0800036b   Thumb Code     0  startup_stm32f746xx.o(.text)
    DMA1_Stream0_IRQHandler                  0x0800036b   Thumb Code     0  startup_stm32f746xx.o(.text)
    DMA1_Stream1_IRQHandler                  0x0800036b   Thumb Code     0  startup_stm32f746xx.o(.text)
    DMA1_Stream2_IRQHandler                  0x0800036b   Thumb Code     0  startup_stm32f746xx.o(.text)
    DMA1_Stream3_IRQHandler                  0x0800036b   Thumb Code     0  startup_stm32f746xx.o(.text)
    DMA1_Stream4_IRQHandler                  0x0800036b   Thumb Code     0  startup_stm32f746xx.o(.text)
    DMA1_Stream5_IRQHandler                  0x0800036b   Thumb Code     0  startup_stm32f746xx.o(.text)
    DMA1_Stream6_IRQHandler                  0x0800036b   Thumb Code     0  startup_stm32f746xx.o(.text)
    DMA1_Stream7_IRQHandler                  0x0800036b   Thumb Code     0  startup_stm32f746xx.o(.text)
    DMA2D_IRQHandler                         0x0800036b   Thumb Code     0  startup_stm32f746xx.o(.text)
    DMA2_Stream0_IRQHandler                  0x0800036b   Thumb Code     0  startup_stm32f746xx.o(.text)
    DMA2_Stream1_IRQHandler                  0x0800036b   Thumb Code     0  startup_stm32f746xx.o(.text)
    DMA2_Stream2_IRQHandler                  0x0800036b   Thumb Code     0  startup_stm32f746xx.o(.text)
    DMA2_Stream3_IRQHandler                  0x0800036b   Thumb Code     0  startup_stm32f746xx.o(.text)
    DMA2_Stream4_IRQHandler                  0x0800036b   Thumb Code     0  startup_stm32f746xx.o(.text)
    DMA2_Stream5_IRQHandler                  0x0800036b   Thumb Code     0  startup_stm32f746xx.o(.text)
    DMA2_Stream6_IRQHandler                  0x0800036b   Thumb Code     0  startup_stm32f746xx.o(.text)
    DMA2_Stream7_IRQHandler                  0x0800036b   Thumb Code     0  startup_stm32f746xx.o(.text)
    ETH_IRQHandler                           0x0800036b   Thumb Code     0  startup_stm32f746xx.o(.text)
    ETH_WKUP_IRQHandler                      0x0800036b   Thumb Code     0  startup_stm32f746xx.o(.text)
    EXTI0_IRQHandler                         0x0800036b   Thumb Code     0  startup_stm32f746xx.o(.text)
    EXTI15_10_IRQHandler                     0x0800036b   Thumb Code     0  startup_stm32f746xx.o(.text)
    EXTI1_IRQHandler                         0x0800036b   Thumb Code     0  startup_stm32f746xx.o(.text)
    EXTI2_IRQHandler                         0x0800036b   Thumb Code     0  startup_stm32f746xx.o(.text)
    EXTI3_IRQHandler                         0x0800036b   Thumb Code     0  startup_stm32f746xx.o(.text)
    EXTI4_IRQHandler                         0x0800036b   Thumb Code     0  startup_stm32f746xx.o(.text)
    EXTI9_5_IRQHandler                       0x0800036b   Thumb Code     0  startup_stm32f746xx.o(.text)
    FLASH_IRQHandler                         0x0800036b   Thumb Code     0  startup_stm32f746xx.o(.text)
    FMC_IRQHandler                           0x0800036b   Thumb Code     0  startup_stm32f746xx.o(.text)
    FPU_IRQHandler                           0x0800036b   Thumb Code     0  startup_stm32f746xx.o(.text)
    I2C1_ER_IRQHandler                       0x0800036b   Thumb Code     0  startup_stm32f746xx.o(.text)
    I2C1_EV_IRQHandler                       0x0800036b   Thumb Code     0  startup_stm32f746xx.o(.text)
    I2C2_ER_IRQHandler                       0x0800036b   Thumb Code     0  startup_stm32f746xx.o(.text)
    I2C2_EV_IRQHandler                       0x0800036b   Thumb Code     0  startup_stm32f746xx.o(.text)
    I2C3_ER_IRQHandler                       0x0800036b   Thumb Code     0  startup_stm32f746xx.o(.text)
    I2C3_EV_IRQHandler                       0x0800036b   Thumb Code     0  startup_stm32f746xx.o(.text)
    I2C4_ER_IRQHandler                       0x0800036b   Thumb Code     0  startup_stm32f746xx.o(.text)
    I2C4_EV_IRQHandler                       0x0800036b   Thumb Code     0  startup_stm32f746xx.o(.text)
    LPTIM1_IRQHandler                        0x0800036b   Thumb Code     0  startup_stm32f746xx.o(.text)
    LTDC_ER_IRQHandler                       0x0800036b   Thumb Code     0  startup_stm32f746xx.o(.text)
    LTDC_IRQHandler                          0x0800036b   Thumb Code     0  startup_stm32f746xx.o(.text)
    OTG_FS_IRQHandler                        0x0800036b   Thumb Code     0  startup_stm32f746xx.o(.text)
    OTG_FS_WKUP_IRQHandler                   0x0800036b   Thumb Code     0  startup_stm32f746xx.o(.text)
    OTG_HS_EP1_IN_IRQHandler                 0x0800036b   Thumb Code     0  startup_stm32f746xx.o(.text)
    OTG_HS_EP1_OUT_IRQHandler                0x0800036b   Thumb Code     0  startup_stm32f746xx.o(.text)
    OTG_HS_IRQHandler                        0x0800036b   Thumb Code     0  startup_stm32f746xx.o(.text)
    OTG_HS_WKUP_IRQHandler                   0x0800036b   Thumb Code     0  startup_stm32f746xx.o(.text)
    PVD_IRQHandler                           0x0800036b   Thumb Code     0  startup_stm32f746xx.o(.text)
    QUADSPI_IRQHandler                       0x0800036b   Thumb Code     0  startup_stm32f746xx.o(.text)
    RCC_IRQHandler                           0x0800036b   Thumb Code     0  startup_stm32f746xx.o(.text)
    RNG_IRQHandler                           0x0800036b   Thumb Code     0  startup_stm32f746xx.o(.text)
    RTC_Alarm_IRQHandler                     0x0800036b   Thumb Code     0  startup_stm32f746xx.o(.text)
    RTC_WKUP_IRQHandler                      0x0800036b   Thumb Code     0  startup_stm32f746xx.o(.text)
    SAI1_IRQHandler                          0x0800036b   Thumb Code     0  startup_stm32f746xx.o(.text)
    SAI2_IRQHandler                          0x0800036b   Thumb Code     0  startup_stm32f746xx.o(.text)
    SDMMC1_IRQHandler                        0x0800036b   Thumb Code     0  startup_stm32f746xx.o(.text)
    SPDIF_RX_IRQHandler                      0x0800036b   Thumb Code     0  startup_stm32f746xx.o(.text)
    SPI1_IRQHandler                          0x0800036b   Thumb Code     0  startup_stm32f746xx.o(.text)
    SPI2_IRQHandler                          0x0800036b   Thumb Code     0  startup_stm32f746xx.o(.text)
    SPI3_IRQHandler                          0x0800036b   Thumb Code     0  startup_stm32f746xx.o(.text)
    SPI4_IRQHandler                          0x0800036b   Thumb Code     0  startup_stm32f746xx.o(.text)
    SPI5_IRQHandler                          0x0800036b   Thumb Code     0  startup_stm32f746xx.o(.text)
    SPI6_IRQHandler                          0x0800036b   Thumb Code     0  startup_stm32f746xx.o(.text)
    TAMP_STAMP_IRQHandler                    0x0800036b   Thumb Code     0  startup_stm32f746xx.o(.text)
    TIM1_BRK_TIM9_IRQHandler                 0x0800036b   Thumb Code     0  startup_stm32f746xx.o(.text)
    TIM1_CC_IRQHandler                       0x0800036b   Thumb Code     0  startup_stm32f746xx.o(.text)
    TIM1_TRG_COM_TIM11_IRQHandler            0x0800036b   Thumb Code     0  startup_stm32f746xx.o(.text)
    TIM1_UP_TIM10_IRQHandler                 0x0800036b   Thumb Code     0  startup_stm32f746xx.o(.text)
    TIM2_IRQHandler                          0x0800036b   Thumb Code     0  startup_stm32f746xx.o(.text)
    TIM3_IRQHandler                          0x0800036b   Thumb Code     0  startup_stm32f746xx.o(.text)
    TIM4_IRQHandler                          0x0800036b   Thumb Code     0  startup_stm32f746xx.o(.text)
    TIM5_IRQHandler                          0x0800036b   Thumb Code     0  startup_stm32f746xx.o(.text)
    TIM6_DAC_IRQHandler                      0x0800036b   Thumb Code     0  startup_stm32f746xx.o(.text)
    TIM7_IRQHandler                          0x0800036b   Thumb Code     0  startup_stm32f746xx.o(.text)
    TIM8_BRK_TIM12_IRQHandler                0x0800036b   Thumb Code     0  startup_stm32f746xx.o(.text)
    TIM8_CC_IRQHandler                       0x0800036b   Thumb Code     0  startup_stm32f746xx.o(.text)
    TIM8_TRG_COM_TIM14_IRQHandler            0x0800036b   Thumb Code     0  startup_stm32f746xx.o(.text)
    TIM8_UP_TIM13_IRQHandler                 0x0800036b   Thumb Code     0  startup_stm32f746xx.o(.text)
    UART4_IRQHandler                         0x0800036b   Thumb Code     0  startup_stm32f746xx.o(.text)
    UART5_IRQHandler                         0x0800036b   Thumb Code     0  startup_stm32f746xx.o(.text)
    UART7_IRQHandler                         0x0800036b   Thumb Code     0  startup_stm32f746xx.o(.text)
    UART8_IRQHandler                         0x0800036b   Thumb Code     0  startup_stm32f746xx.o(.text)
    USART2_IRQHandler                        0x0800036b   Thumb Code     0  startup_stm32f746xx.o(.text)
    USART3_IRQHandler                        0x0800036b   Thumb Code     0  startup_stm32f746xx.o(.text)
    USART6_IRQHandler                        0x0800036b   Thumb Code     0  startup_stm32f746xx.o(.text)
    WWDG_IRQHandler                          0x0800036b   Thumb Code     0  startup_stm32f746xx.o(.text)
    __user_initial_stackheap                 0x0800036d   Thumb Code     0  startup_stm32f746xx.o(.text)
    __2sprintf                               0x08000391   Thumb Code    34  noretval__2sprintf.o(.text)
    __printf                                 0x080003b9   Thumb Code   104  __printf.o(.text)
    atoi                                     0x08000421   Thumb Code    26  atoi.o(.text)
    __aeabi_memcpy                           0x0800043b   Thumb Code     0  rt_memcpy_v6.o(.text)
    __rt_memcpy                              0x0800043b   Thumb Code   138  rt_memcpy_v6.o(.text)
    _memcpy_lastbytes                        0x080004a1   Thumb Code     0  rt_memcpy_v6.o(.text)
    __use_two_region_memory                  0x080004c5   Thumb Code     2  heapauxi.o(.text)
    __rt_heap_escrow$2region                 0x080004c7   Thumb Code     2  heapauxi.o(.text)
    __rt_heap_expand$2region                 0x080004c9   Thumb Code     2  heapauxi.o(.text)
    __aeabi_errno_addr                       0x080004cd   Thumb Code     8  rt_errno_addr_intlibspace.o(.text)
    __errno$intlibspace                      0x080004cd   Thumb Code     0  rt_errno_addr_intlibspace.o(.text)
    __rt_errno_addr$intlibspace              0x080004cd   Thumb Code     0  rt_errno_addr_intlibspace.o(.text)
    __read_errno                             0x080004d5   Thumb Code    10  _rserrno.o(.text)
    __set_errno                              0x080004df   Thumb Code    12  _rserrno.o(.text)
    __lib_sel_fp_printf                      0x080004eb   Thumb Code     2  _printf_fp_dec.o(.text)
    _printf_fp_dec_real                      0x0800069d   Thumb Code   620  _printf_fp_dec.o(.text)
    _printf_char_common                      0x08000913   Thumb Code    32  _printf_char_common.o(.text)
    _sputc                                   0x08000939   Thumb Code    10  _sputc.o(.text)
    __strtod_int                             0x08000981   Thumb Code    90  strtod.o(.text)
    strtol                                   0x080009e9   Thumb Code   112  strtol.o(.text)
    __aeabi_memcpy4                          0x08000a59   Thumb Code     0  rt_memcpy_w.o(.text)
    __aeabi_memcpy8                          0x08000a59   Thumb Code     0  rt_memcpy_w.o(.text)
    __rt_memcpy_w                            0x08000a59   Thumb Code   100  rt_memcpy_w.o(.text)
    _memcpy_lastbytes_aligned                0x08000aa1   Thumb Code     0  rt_memcpy_w.o(.text)
    __user_libspace                          0x08000abd   Thumb Code     8  libspace.o(.text)
    __user_perproc_libspace                  0x08000abd   Thumb Code     0  libspace.o(.text)
    __user_perthread_libspace                0x08000abd   Thumb Code     0  libspace.o(.text)
    __rt_ctype_table                         0x08000ac5   Thumb Code    16  rt_ctype_table.o(.text)
    __rt_locale                              0x08000ad5   Thumb Code     8  rt_locale_intlibspace.o(.text)
    _ll_udiv10                               0x08000add   Thumb Code   138  lludiv10.o(.text)
    isspace                                  0x08000b67   Thumb Code    18  isspace.o(.text)
    _printf_fp_infnan                        0x08000b79   Thumb Code   112  _printf_fp_infnan.o(.text)
    _sgetc                                   0x08000bf9   Thumb Code    30  _sgetc.o(.text)
    _sbackspace                              0x08000c17   Thumb Code    34  _sgetc.o(.text)
    _strtoul                                 0x08000c39   Thumb Code   158  _strtoul.o(.text)
    _btod_etento                             0x08000cd9   Thumb Code   224  bigflt0.o(.text)
    __user_setup_stackheap                   0x08000dbd   Thumb Code    74  sys_stackheap_outer.o(.text)
    _chval                                   0x08000e07   Thumb Code    28  _chval.o(.text)
    _scanf_really_real                       0x08001071   Thumb Code   684  scanf_fp.o(.text)
    exit                                     0x0800131d   Thumb Code    18  exit.o(.text)
    strcmp                                   0x08001331   Thumb Code   104  strcmpv7m_pel.o(.text)
    _scanf_really_hex_real                   0x08001399   Thumb Code   786  scanf_hexfp.o(.text)
    _scanf_really_infnan                     0x080016b9   Thumb Code   292  scanf_infnan.o(.text)
    _sys_exit                                0x080017ed   Thumb Code     8  sys_exit.o(.text)
    __aeabi_llsl                             0x080017f9   Thumb Code     0  llshl.o(.text)
    _ll_shift_l                              0x080017f9   Thumb Code    38  llshl.o(.text)
    __I$use$semihosting                      0x0800181f   Thumb Code     0  use_no_semi.o(.text)
    __use_no_semihosting_swi                 0x0800181f   Thumb Code     2  use_no_semi.o(.text)
    __semihosting_library_function           0x08001821   Thumb Code     0  indicate_semi.o(.text)
    _btod_d2e                                0x08001821   Thumb Code    62  btod.o(CL$$btod_d2e)
    _d2e_denorm_low                          0x0800185f   Thumb Code    70  btod.o(CL$$btod_d2e_denorm_low)
    _d2e_norm_op1                            0x080018a5   Thumb Code    96  btod.o(CL$$btod_d2e_norm_op1)
    __btod_div_common                        0x08001905   Thumb Code   696  btod.o(CL$$btod_div_common)
    _e2d                                     0x08001c3d   Thumb Code   122  btod.o(CL$$btod_e2d)
    _e2e                                     0x08001cc1   Thumb Code   220  btod.o(CL$$btod_e2e)
    _btod_ediv                               0x08001d9d   Thumb Code    42  btod.o(CL$$btod_ediv)
    _btod_edivd                              0x08001dc7   Thumb Code    42  btod.o(CL$$btod_edivd)
    _btod_emul                               0x08001df1   Thumb Code    42  btod.o(CL$$btod_emul)
    _btod_emuld                              0x08001e1b   Thumb Code    42  btod.o(CL$$btod_emuld)
    __btod_mult_common                       0x08001e45   Thumb Code   580  btod.o(CL$$btod_mult_common)
    SysTick_Handler                          0x08002089   Thumb Code    50  port.o(i.SysTick_Handler)
    SystemCoreClockUpdate                    0x080020c1   Thumb Code   170  system_stm32f7xx.o(i.SystemCoreClockUpdate)
    SystemInit                               0x08002181   Thumb Code    82  system_stm32f7xx.o(i.SystemInit)
    USART1_IRQHandler                        0x080021e1   Thumb Code    62  main.o(i.USART1_IRQHandler)
    USARTSend                                0x08002231   Thumb Code    20  main.o(i.USARTSend)
    USARTSendString                          0x08002249   Thumb Code    32  main.o(i.USARTSendString)
    __ARM_fpclassify                         0x08002269   Thumb Code    48  fpclassify.o(i.__ARM_fpclassify)
    __hardfp___mathlib_tofloat               0x08002299   Thumb Code   232  narrow.o(i.__hardfp___mathlib_tofloat)
    __hardfp_atof                            0x08002391   Thumb Code    44  atof.o(i.__hardfp_atof)
    __hardfp_ldexp                           0x080023c9   Thumb Code   200  ldexp.o(i.__hardfp_ldexp)
    __mathlib_dbl_overflow                   0x08002499   Thumb Code    24  dunder.o(i.__mathlib_dbl_overflow)
    __mathlib_dbl_underflow                  0x080024b9   Thumb Code    24  dunder.o(i.__mathlib_dbl_underflow)
    __mathlib_narrow                         0x080024d9   Thumb Code    18  narrow.o(i.__mathlib_narrow)
    __support_ldexp                          0x080024eb   Thumb Code    20  ldexp.o(i.__support_ldexp)
    _is_digit                                0x080024ff   Thumb Code    14  __printf_wp.o(i._is_digit)
    frexp                                    0x08002511   Thumb Code   118  frexp.o(i.frexp)
    initRCC                                  0x0800259d   Thumb Code   172  main.o(i.initRCC)
    main                                     0x08002655   Thumb Code   182  main.o(i.main)
    pvPortMalloc                             0x08002b99   Thumb Code    98  heap_1.o(i.pvPortMalloc)
    pxPortInitialiseStack                    0x08002c09   Thumb Code    38  port.o(i.pxPortInitialiseStack)
    uxListRemove                             0x08002c35   Thumb Code    40  list.o(i.uxListRemove)
    vListInitialise                          0x08002c5d   Thumb Code    26  list.o(i.vListInitialise)
    vListInitialiseItem                      0x08002c77   Thumb Code     6  list.o(i.vListInitialiseItem)
    vListInsert                              0x08002c7d   Thumb Code    52  list.o(i.vListInsert)
    vListInsertEnd                           0x08002cb1   Thumb Code    24  list.o(i.vListInsertEnd)
    vPortEnterCritical                       0x08002cc9   Thumb Code    34  port.o(i.vPortEnterCritical)
    vPortExitCritical                        0x08002cf1   Thumb Code    28  port.o(i.vPortExitCritical)
    vPortFree                                0x08002d11   Thumb Code     2  heap_1.o(i.vPortFree)
    vPortSetupTimerInterrupt                 0x08002d15   Thumb Code    20  port.o(i.vPortSetupTimerInterrupt)
    vRxProcessor                             0x08002d2d   Thumb Code   332  main.o(i.vRxProcessor)
    vSender                                  0x08002e95   Thumb Code   294  main.o(i.vSender)
    vTaskInternalSetTimeOutState             0x08003011   Thumb Code    14  tasks.o(i.vTaskInternalSetTimeOutState)
    vTaskMissedYield                         0x08003029   Thumb Code     8  tasks.o(i.vTaskMissedYield)
    vTaskPlaceOnEventList                    0x08003035   Thumb Code    28  tasks.o(i.vTaskPlaceOnEventList)
    vTaskStartScheduler                      0x08003055   Thumb Code    76  tasks.o(i.vTaskStartScheduler)
    vTaskSuspendAll                          0x080030bd   Thumb Code    12  tasks.o(i.vTaskSuspendAll)
    vTaskSwitchContext                       0x080030cd   Thumb Code    98  tasks.o(i.vTaskSwitchContext)
    xPortStartScheduler                      0x08003145   Thumb Code    58  port.o(i.xPortStartScheduler)
    xQueueGenericCreate                      0x0800318d   Thumb Code    56  queue.o(i.xQueueGenericCreate)
    xQueueGenericReset                       0x080031c5   Thumb Code   122  queue.o(i.xQueueGenericReset)
    xQueueGenericSend                        0x08003245   Thumb Code   276  queue.o(i.xQueueGenericSend)
    xQueueGiveFromISR                        0x0800335d   Thumb Code   124  queue.o(i.xQueueGiveFromISR)
    xQueueReceive                            0x080033d9   Thumb Code   256  queue.o(i.xQueueReceive)
    xQueueSemaphoreTake                      0x080034dd   Thumb Code   234  queue.o(i.xQueueSemaphoreTake)
    xTaskCheckForTimeOut                     0x080035cd   Thumb Code    84  tasks.o(i.xTaskCheckForTimeOut)
    xTaskCreate                              0x08003629   Thumb Code    96  tasks.o(i.xTaskCreate)
    xTaskIncrementTick                       0x08003689   Thumb Code   236  tasks.o(i.xTaskIncrementTick)
    xTaskRemoveFromEventList                 0x080037a1   Thumb Code   102  tasks.o(i.xTaskRemoveFromEventList)
    xTaskResumeAll                           0x08003821   Thumb Code   194  tasks.o(i.xTaskResumeAll)
    _get_lc_numeric                          0x08003909   Thumb Code    44  lc_numeric_c.o(locale$$code)
    _get_lc_ctype                            0x08003935   Thumb Code    44  lc_ctype_c.o(locale$$code)
    __aeabi_d2f                              0x08003961   Thumb Code     0  d2f.o(x$fpl$d2f)
    _d2f                                     0x08003961   Thumb Code    98  d2f.o(x$fpl$d2f)
    __aeabi_dadd                             0x080039c5   Thumb Code     0  daddsub_clz.o(x$fpl$dadd)
    _dadd                                    0x080039c5   Thumb Code   332  daddsub_clz.o(x$fpl$dadd)
    __fpl_dcheck_NaN1                        0x08003b15   Thumb Code    10  dcheck1.o(x$fpl$dcheck1)
    __fpl_dcmp_Inf                           0x08003b25   Thumb Code    24  dcmpi.o(x$fpl$dcmpinf)
    __aeabi_ddiv                             0x08003b3d   Thumb Code     0  ddiv.o(x$fpl$ddiv)
    _ddiv                                    0x08003b3d   Thumb Code   552  ddiv.o(x$fpl$ddiv)
    __aeabi_cdcmpeq                          0x08003ded   Thumb Code     0  deqf.o(x$fpl$deqf)
    _dcmpeq                                  0x08003ded   Thumb Code   120  deqf.o(x$fpl$deqf)
    __aeabi_cdcmple                          0x08003e65   Thumb Code     0  dleqf.o(x$fpl$dleqf)
    _dcmple                                  0x08003e65   Thumb Code   120  dleqf.o(x$fpl$dleqf)
    __fpl_dcmple_InfNaN                      0x08003ec7   Thumb Code     0  dleqf.o(x$fpl$dleqf)
    __aeabi_dmul                             0x08003edd   Thumb Code     0  dmul.o(x$fpl$dmul)
    _dmul                                    0x08003edd   Thumb Code   332  dmul.o(x$fpl$dmul)
    __fpl_dnaninf                            0x08004031   Thumb Code   156  dnaninf.o(x$fpl$dnaninf)
    __fpl_dretinf                            0x080040cd   Thumb Code    12  dretinf.o(x$fpl$dretinf)
    __aeabi_cdrcmple                         0x080040d9   Thumb Code     0  drleqf.o(x$fpl$drleqf)
    _drcmple                                 0x080040d9   Thumb Code   108  drleqf.o(x$fpl$drleqf)
    __aeabi_dsub                             0x08004145   Thumb Code     0  daddsub_clz.o(x$fpl$dsub)
    _dsub                                    0x08004145   Thumb Code   464  daddsub_clz.o(x$fpl$dsub)
    _fp_init                                 0x08004319   Thumb Code    10  fpinit.o(x$fpl$fpinit)
    __fplib_config_fpu_vfp                   0x08004321   Thumb Code     0  fpinit.o(x$fpl$fpinit)
    __fplib_config_pureend_doubles           0x08004321   Thumb Code     0  fpinit.o(x$fpl$fpinit)
    __fpl_fretinf                            0x08004323   Thumb Code    10  fretinf.o(x$fpl$fretinf)
    __ieee_status                            0x0800432d   Thumb Code     6  istatus.o(x$fpl$ieeestatus)
    _printf_fp_dec                           0x08004333   Thumb Code     4  printf1.o(x$fpl$printf1)
    __fpl_return_NaN                         0x08004337   Thumb Code   100  retnan.o(x$fpl$retnan)
    __ARM_scalbn                             0x0800439b   Thumb Code    92  scalbn.o(x$fpl$scalbn)
    _scanf_real                              0x080043f7   Thumb Code     4  scanf1.o(x$fpl$scanf1)
    _scanf_hex_real                          0x080043fb   Thumb Code     4  scanf2.o(x$fpl$scanf2)
    _scanf_infnan                            0x080043ff   Thumb Code     4  scanf2.o(x$fpl$scanf2)
    __fpl_cmpreturn                          0x08004403   Thumb Code    48  trapv.o(x$fpl$trapveneer)
    AHBPrescTable                            0x08004432   Data          16  system_stm32f7xx.o(.constdata)
    __I$use$fp                               0x08004432   Number         0  usenofp.o(x$fpl$usenofp)
    APBPrescTable                            0x08004442   Data           8  system_stm32f7xx.o(.constdata)
    Region$$Table$$Base                      0x08004530   Number         0  anon$$obj.o(Region$$Table)
    Region$$Table$$Limit                     0x08004550   Number         0  anon$$obj.o(Region$$Table)
    __aeabi_HUGE_VAL                         0x08004550   Data           0  fpconst.o(c$$dinf)
    __aeabi_HUGE_VALL                        0x08004550   Data           0  fpconst.o(c$$dinf)
    __aeabi_INFINITY                         0x08004550   Data           0  fpconst.o(c$$dinf)
    __dInf                                   0x08004550   Data           0  fpconst.o(c$$dinf)
    __huge_val                               0x08004550   Data           0  fpconst.o(c$$dinf)
    __dbl_max                                0x08004558   Data           0  fpconst.o(c$$dmax)
    __ctype                                  0x08004589   Data           0  lc_ctype_c.o(locale$$data)
    xQueue                                   0x20010000   Data           4  main.o(.data)
    xSendSemaphore                           0x20010004   Data           4  main.o(.data)
    xProcessSemaphore                        0x20010008   Data           4  main.o(.data)
    pxCurrentTCB                             0x2001001c   Data           4  tasks.o(.data)
    SystemCoreClock                          0x20010058   Data           4  system_stm32f7xx.o(.data)
    buff                                     0x2001005c   Data          20  main.o(.bss)
    __libspace_start                         0x20012138   Data          96  libspace.o(.bss)
    __temporary_stack_top$libspace           0x20012198   Data           0  libspace.o(.bss)



==============================================================================

Memory Map of the image

  Image Entry point : 0x08000351

  Load Region LR_1 (Base: 0x08000000, Size: 0x000046e8, Max: 0xffffffff, ABSOLUTE)

    Execution Region ER_RO (Exec base: 0x08000000, Load base: 0x08000000, Size: 0x0000468c, Max: 0xffffffff, ABSOLUTE)

    Exec Addr    Load Addr    Size         Type   Attr      Idx    E Section Name        Object

    0x08000000   0x08000000   0x000001c8   Data   RO          982    RESET               startup_stm32f746xx.o
    0x080001c8   0x080001c8   0x00000008   Code   RO         1066  * !!!main             c_w.l(__main.o)
    0x080001d0   0x080001d0   0x00000034   Code   RO         1411    !!!scatter          c_w.l(__scatter.o)
    0x08000204   0x08000204   0x0000001a   Code   RO         1413    !!handler_copy      c_w.l(__scatter_copy.o)
    0x0800021e   0x0800021e   0x00000002   PAD
    0x08000220   0x08000220   0x0000001c   Code   RO         1415    !!handler_zi        c_w.l(__scatter_zi.o)
    0x0800023c   0x0800023c   0x00000000   Code   RO         1057    .ARM.Collect$$_printf_percent$$00000000  c_w.l(_printf_percent.o)
    0x0800023c   0x0800023c   0x00000006   Code   RO         1056    .ARM.Collect$$_printf_percent$$00000003  c_w.l(_printf_f.o)
    0x08000242   0x08000242   0x00000004   Code   RO         1104    .ARM.Collect$$_printf_percent$$00000017  c_w.l(_printf_percent_end.o)
    0x08000246   0x08000246   0x00000002   Code   RO         1207    .ARM.Collect$$libinit$$00000000  c_w.l(libinit.o)
    0x08000248   0x08000248   0x00000004   Code   RO         1208    .ARM.Collect$$libinit$$00000001  c_w.l(libinit2.o)
    0x0800024c   0x0800024c   0x00000000   Code   RO         1211    .ARM.Collect$$libinit$$00000004  c_w.l(libinit2.o)
    0x0800024c   0x0800024c   0x00000000   Code   RO         1214    .ARM.Collect$$libinit$$0000000A  c_w.l(libinit2.o)
    0x0800024c   0x0800024c   0x00000000   Code   RO         1216    .ARM.Collect$$libinit$$0000000C  c_w.l(libinit2.o)
    0x0800024c   0x0800024c   0x00000000   Code   RO         1218    .ARM.Collect$$libinit$$0000000E  c_w.l(libinit2.o)
    0x0800024c   0x0800024c   0x00000006   Code   RO         1219    .ARM.Collect$$libinit$$0000000F  c_w.l(libinit2.o)
    0x08000252   0x08000252   0x00000000   Code   RO         1221    .ARM.Collect$$libinit$$00000011  c_w.l(libinit2.o)
    0x08000252   0x08000252   0x0000000c   Code   RO         1222    .ARM.Collect$$libinit$$00000012  c_w.l(libinit2.o)
    0x0800025e   0x0800025e   0x00000000   Code   RO         1223    .ARM.Collect$$libinit$$00000013  c_w.l(libinit2.o)
    0x0800025e   0x0800025e   0x00000000   Code   RO         1225    .ARM.Collect$$libinit$$00000015  c_w.l(libinit2.o)
    0x0800025e   0x0800025e   0x0000000a   Code   RO         1226    .ARM.Collect$$libinit$$00000016  c_w.l(libinit2.o)
    0x08000268   0x08000268   0x00000000   Code   RO         1227    .ARM.Collect$$libinit$$00000017  c_w.l(libinit2.o)
    0x08000268   0x08000268   0x00000000   Code   RO         1229    .ARM.Collect$$libinit$$00000019  c_w.l(libinit2.o)
    0x08000268   0x08000268   0x00000000   Code   RO         1231    .ARM.Collect$$libinit$$0000001B  c_w.l(libinit2.o)
    0x08000268   0x08000268   0x00000000   Code   RO         1233    .ARM.Collect$$libinit$$0000001D  c_w.l(libinit2.o)
    0x08000268   0x08000268   0x00000000   Code   RO         1235    .ARM.Collect$$libinit$$0000001F  c_w.l(libinit2.o)
    0x08000268   0x08000268   0x00000000   Code   RO         1237    .ARM.Collect$$libinit$$00000021  c_w.l(libinit2.o)
    0x08000268   0x08000268   0x00000000   Code   RO         1239    .ARM.Collect$$libinit$$00000023  c_w.l(libinit2.o)
    0x08000268   0x08000268   0x00000000   Code   RO         1241    .ARM.Collect$$libinit$$00000025  c_w.l(libinit2.o)
    0x08000268   0x08000268   0x00000000   Code   RO         1245    .ARM.Collect$$libinit$$0000002C  c_w.l(libinit2.o)
    0x08000268   0x08000268   0x00000000   Code   RO         1247    .ARM.Collect$$libinit$$0000002E  c_w.l(libinit2.o)
    0x08000268   0x08000268   0x00000000   Code   RO         1249    .ARM.Collect$$libinit$$00000030  c_w.l(libinit2.o)
    0x08000268   0x08000268   0x00000000   Code   RO         1251    .ARM.Collect$$libinit$$00000032  c_w.l(libinit2.o)
    0x08000268   0x08000268   0x00000002   Code   RO         1252    .ARM.Collect$$libinit$$00000033  c_w.l(libinit2.o)
    0x0800026a   0x0800026a   0x00000002   Code   RO         1316    .ARM.Collect$$libshutdown$$00000000  c_w.l(libshutdown.o)
    0x0800026c   0x0800026c   0x00000000   Code   RO         1347    .ARM.Collect$$libshutdown$$00000002  c_w.l(libshutdown2.o)
    0x0800026c   0x0800026c   0x00000000   Code   RO         1349    .ARM.Collect$$libshutdown$$00000004  c_w.l(libshutdown2.o)
    0x0800026c   0x0800026c   0x00000000   Code   RO         1352    .ARM.Collect$$libshutdown$$00000007  c_w.l(libshutdown2.o)
    0x0800026c   0x0800026c   0x00000000   Code   RO         1355    .ARM.Collect$$libshutdown$$0000000A  c_w.l(libshutdown2.o)
    0x0800026c   0x0800026c   0x00000000   Code   RO         1357    .ARM.Collect$$libshutdown$$0000000C  c_w.l(libshutdown2.o)
    0x0800026c   0x0800026c   0x00000000   Code   RO         1360    .ARM.Collect$$libshutdown$$0000000F  c_w.l(libshutdown2.o)
    0x0800026c   0x0800026c   0x00000002   Code   RO         1361    .ARM.Collect$$libshutdown$$00000010  c_w.l(libshutdown2.o)
    0x0800026e   0x0800026e   0x00000000   Code   RO         1090    .ARM.Collect$$rtentry$$00000000  c_w.l(__rtentry.o)
    0x0800026e   0x0800026e   0x00000000   Code   RO         1122    .ARM.Collect$$rtentry$$00000002  c_w.l(__rtentry2.o)
    0x0800026e   0x0800026e   0x00000006   Code   RO         1134    .ARM.Collect$$rtentry$$00000004  c_w.l(__rtentry4.o)
    0x08000274   0x08000274   0x00000000   Code   RO         1124    .ARM.Collect$$rtentry$$00000009  c_w.l(__rtentry2.o)
    0x08000274   0x08000274   0x00000004   Code   RO         1125    .ARM.Collect$$rtentry$$0000000A  c_w.l(__rtentry2.o)
    0x08000278   0x08000278   0x00000000   Code   RO         1127    .ARM.Collect$$rtentry$$0000000C  c_w.l(__rtentry2.o)
    0x08000278   0x08000278   0x00000008   Code   RO         1128    .ARM.Collect$$rtentry$$0000000D  c_w.l(__rtentry2.o)
    0x08000280   0x08000280   0x00000002   Code   RO         1253    .ARM.Collect$$rtexit$$00000000  c_w.l(rtexit.o)
    0x08000282   0x08000282   0x00000000   Code   RO         1278    .ARM.Collect$$rtexit$$00000002  c_w.l(rtexit2.o)
    0x08000282   0x08000282   0x00000004   Code   RO         1279    .ARM.Collect$$rtexit$$00000003  c_w.l(rtexit2.o)
    0x08000286   0x08000286   0x00000006   Code   RO         1280    .ARM.Collect$$rtexit$$00000004  c_w.l(rtexit2.o)
    0x0800028c   0x0800028c   0x000000c2   Code   RO          308    .emb_text           port.o
    0x0800034e   0x0800034e   0x00000002   PAD
    0x08000350   0x08000350   0x00000040   Code   RO          983  * .text               startup_stm32f746xx.o
    0x08000390   0x08000390   0x00000028   Code   RO         1032    .text               c_w.l(noretval__2sprintf.o)
    0x080003b8   0x080003b8   0x00000068   Code   RO         1034    .text               c_w.l(__printf.o)
    0x08000420   0x08000420   0x0000001a   Code   RO         1058    .text               c_w.l(atoi.o)
    0x0800043a   0x0800043a   0x0000008a   Code   RO         1060    .text               c_w.l(rt_memcpy_v6.o)
    0x080004c4   0x080004c4   0x00000006   Code   RO         1064    .text               c_w.l(heapauxi.o)
    0x080004ca   0x080004ca   0x00000002   PAD
    0x080004cc   0x080004cc   0x00000008   Code   RO         1094    .text               c_w.l(rt_errno_addr_intlibspace.o)
    0x080004d4   0x080004d4   0x00000016   Code   RO         1096    .text               c_w.l(_rserrno.o)
    0x080004ea   0x080004ea   0x0000041e   Code   RO         1098    .text               c_w.l(_printf_fp_dec.o)
    0x08000908   0x08000908   0x00000030   Code   RO         1100    .text               c_w.l(_printf_char_common.o)
    0x08000938   0x08000938   0x0000000a   Code   RO         1102    .text               c_w.l(_sputc.o)
    0x08000942   0x08000942   0x00000002   PAD
    0x08000944   0x08000944   0x000000a4   Code   RO         1105    .text               c_w.l(strtod.o)
    0x080009e8   0x080009e8   0x00000070   Code   RO         1107    .text               c_w.l(strtol.o)
    0x08000a58   0x08000a58   0x00000064   Code   RO         1109    .text               c_w.l(rt_memcpy_w.o)
    0x08000abc   0x08000abc   0x00000008   Code   RO         1118    .text               c_w.l(libspace.o)
    0x08000ac4   0x08000ac4   0x00000010   Code   RO         1136    .text               c_w.l(rt_ctype_table.o)
    0x08000ad4   0x08000ad4   0x00000008   Code   RO         1141    .text               c_w.l(rt_locale_intlibspace.o)
    0x08000adc   0x08000adc   0x0000008a   Code   RO         1143    .text               c_w.l(lludiv10.o)
    0x08000b66   0x08000b66   0x00000012   Code   RO         1145    .text               c_w.l(isspace.o)
    0x08000b78   0x08000b78   0x00000080   Code   RO         1147    .text               c_w.l(_printf_fp_infnan.o)
    0x08000bf8   0x08000bf8   0x00000040   Code   RO         1151    .text               c_w.l(_sgetc.o)
    0x08000c38   0x08000c38   0x0000009e   Code   RO         1153    .text               c_w.l(_strtoul.o)
    0x08000cd6   0x08000cd6   0x00000002   PAD
    0x08000cd8   0x08000cd8   0x000000e4   Code   RO         1155    .text               c_w.l(bigflt0.o)
    0x08000dbc   0x08000dbc   0x0000004a   Code   RO         1189    .text               c_w.l(sys_stackheap_outer.o)
    0x08000e06   0x08000e06   0x0000001c   Code   RO         1191    .text               c_w.l(_chval.o)
    0x08000e22   0x08000e22   0x00000002   PAD
    0x08000e24   0x08000e24   0x000004f8   Code   RO         1193    .text               c_w.l(scanf_fp.o)
    0x0800131c   0x0800131c   0x00000012   Code   RO         1198    .text               c_w.l(exit.o)
    0x0800132e   0x0800132e   0x00000002   PAD
    0x08001330   0x08001330   0x00000068   Code   RO         1200    .text               c_w.l(strcmpv7m_pel.o)
    0x08001398   0x08001398   0x00000320   Code   RO         1284    .text               c_w.l(scanf_hexfp.o)
    0x080016b8   0x080016b8   0x00000134   Code   RO         1286    .text               c_w.l(scanf_infnan.o)
    0x080017ec   0x080017ec   0x0000000c   Code   RO         1304    .text               c_w.l(sys_exit.o)
    0x080017f8   0x080017f8   0x00000026   Code   RO         1308    .text               c_w.l(llshl.o)
    0x0800181e   0x0800181e   0x00000002   Code   RO         1337    .text               c_w.l(use_no_semi.o)
    0x08001820   0x08001820   0x00000000   Code   RO         1339    .text               c_w.l(indicate_semi.o)
    0x08001820   0x08001820   0x0000003e   Code   RO         1158    CL$$btod_d2e        c_w.l(btod.o)
    0x0800185e   0x0800185e   0x00000046   Code   RO         1160    CL$$btod_d2e_denorm_low  c_w.l(btod.o)
    0x080018a4   0x080018a4   0x00000060   Code   RO         1159    CL$$btod_d2e_norm_op1  c_w.l(btod.o)
    0x08001904   0x08001904   0x00000338   Code   RO         1168    CL$$btod_div_common  c_w.l(btod.o)
    0x08001c3c   0x08001c3c   0x00000084   Code   RO         1166    CL$$btod_e2d        c_w.l(btod.o)
    0x08001cc0   0x08001cc0   0x000000dc   Code   RO         1165    CL$$btod_e2e        c_w.l(btod.o)
    0x08001d9c   0x08001d9c   0x0000002a   Code   RO         1162    CL$$btod_ediv       c_w.l(btod.o)
    0x08001dc6   0x08001dc6   0x0000002a   Code   RO         1164    CL$$btod_edivd      c_w.l(btod.o)
    0x08001df0   0x08001df0   0x0000002a   Code   RO         1161    CL$$btod_emul       c_w.l(btod.o)
    0x08001e1a   0x08001e1a   0x0000002a   Code   RO         1163    CL$$btod_emuld      c_w.l(btod.o)
    0x08001e44   0x08001e44   0x00000244   Code   RO         1167    CL$$btod_mult_common  c_w.l(btod.o)
    0x08002088   0x08002088   0x00000038   Code   RO          309    i.SysTick_Handler   port.o
    0x080020c0   0x080020c0   0x000000c0   Code   RO          990    i.SystemCoreClockUpdate  system_stm32f7xx.o
    0x08002180   0x08002180   0x00000060   Code   RO          991    i.SystemInit        system_stm32f7xx.o
    0x080021e0   0x080021e0   0x00000050   Code   RO            4    i.USART1_IRQHandler  main.o
    0x08002230   0x08002230   0x00000018   Code   RO            5    i.USARTSend         main.o
    0x08002248   0x08002248   0x00000020   Code   RO            6    i.USARTSendString   main.o
    0x08002268   0x08002268   0x00000030   Code   RO         1187    i.__ARM_fpclassify  m_wm.l(fpclassify.o)
    0x08002298   0x08002298   0x000000f8   Code   RO         1269    i.__hardfp___mathlib_tofloat  m_wm.l(narrow.o)
    0x08002390   0x08002390   0x00000038   Code   RO         1084    i.__hardfp_atof     m_wm.l(atof.o)
    0x080023c8   0x080023c8   0x000000d0   Code   RO         1321    i.__hardfp_ldexp    m_wm.l(ldexp.o)
    0x08002498   0x08002498   0x00000020   Code   RO         1368    i.__mathlib_dbl_overflow  m_wm.l(dunder.o)
    0x080024b8   0x080024b8   0x00000020   Code   RO         1370    i.__mathlib_dbl_underflow  m_wm.l(dunder.o)
    0x080024d8   0x080024d8   0x00000012   Code   RO         1270    i.__mathlib_narrow  m_wm.l(narrow.o)
    0x080024ea   0x080024ea   0x00000014   Code   RO         1323    i.__support_ldexp   m_wm.l(ldexp.o)
    0x080024fe   0x080024fe   0x0000000e   Code   RO         1046    i._is_digit         c_w.l(__printf_wp.o)
    0x0800250c   0x0800250c   0x00000004   PAD
    0x08002510   0x08002510   0x0000008c   Code   RO         1298    i.frexp             m_wm.l(frexp.o)
    0x0800259c   0x0800259c   0x000000b8   Code   RO            7    i.initRCC           main.o
    0x08002654   0x08002654   0x000000d8   Code   RO            8    i.main              main.o
    0x0800272c   0x0800272c   0x0000007c   Code   RO          671    i.prvAddCurrentTaskToDelayedList  tasks.o
    0x080027a8   0x080027a8   0x000000b0   Code   RO          672    i.prvAddNewTaskToReadyList  tasks.o
    0x08002858   0x08002858   0x00000048   Code   RO          673    i.prvCheckTasksWaitingTermination  tasks.o
    0x080028a0   0x080028a0   0x0000002a   Code   RO          380    i.prvCopyDataFromQueue  queue.o
    0x080028ca   0x080028ca   0x0000006a   Code   RO          381    i.prvCopyDataToQueue  queue.o
    0x08002934   0x08002934   0x00000012   Code   RO          674    i.prvDeleteTCB      tasks.o
    0x08002946   0x08002946   0x00000002   PAD
    0x08002948   0x08002948   0x00000028   Code   RO          675    i.prvIdleTask       tasks.o
    0x08002970   0x08002970   0x00000026   Code   RO          382    i.prvInitialiseNewQueue  queue.o
    0x08002996   0x08002996   0x00000094   Code   RO          676    i.prvInitialiseNewTask  tasks.o
    0x08002a2a   0x08002a2a   0x00000002   PAD
    0x08002a2c   0x08002a2c   0x00000068   Code   RO          677    i.prvInitialiseTaskLists  tasks.o
    0x08002a94   0x08002a94   0x0000001a   Code   RO          383    i.prvIsQueueEmpty   queue.o
    0x08002aae   0x08002aae   0x0000001e   Code   RO          384    i.prvIsQueueFull    queue.o
    0x08002acc   0x08002acc   0x00000034   Code   RO          678    i.prvResetNextTaskUnblockTime  tasks.o
    0x08002b00   0x08002b00   0x0000001a   Code   RO          310    i.prvTaskExitError  port.o
    0x08002b1a   0x08002b1a   0x0000007e   Code   RO          385    i.prvUnlockQueue    queue.o
    0x08002b98   0x08002b98   0x00000070   Code   RO          236    i.pvPortMalloc      heap_1.o
    0x08002c08   0x08002c08   0x0000002c   Code   RO          311    i.pxPortInitialiseStack  port.o
    0x08002c34   0x08002c34   0x00000028   Code   RO          272    i.uxListRemove      list.o
    0x08002c5c   0x08002c5c   0x0000001a   Code   RO          273    i.vListInitialise   list.o
    0x08002c76   0x08002c76   0x00000006   Code   RO          274    i.vListInitialiseItem  list.o
    0x08002c7c   0x08002c7c   0x00000034   Code   RO          275    i.vListInsert       list.o
    0x08002cb0   0x08002cb0   0x00000018   Code   RO          276    i.vListInsertEnd    list.o
    0x08002cc8   0x08002cc8   0x00000028   Code   RO          313    i.vPortEnterCritical  port.o
    0x08002cf0   0x08002cf0   0x00000020   Code   RO          314    i.vPortExitCritical  port.o
    0x08002d10   0x08002d10   0x00000002   Code   RO          237    i.vPortFree         heap_1.o
    0x08002d12   0x08002d12   0x00000002   PAD
    0x08002d14   0x08002d14   0x00000018   Code   RO          315    i.vPortSetupTimerInterrupt  port.o
    0x08002d2c   0x08002d2c   0x00000168   Code   RO            9    i.vRxProcessor      main.o
    0x08002e94   0x08002e94   0x0000017c   Code   RO           10    i.vSender           main.o
    0x08003010   0x08003010   0x00000018   Code   RO          690    i.vTaskInternalSetTimeOutState  tasks.o
    0x08003028   0x08003028   0x0000000c   Code   RO          691    i.vTaskMissedYield  tasks.o
    0x08003034   0x08003034   0x00000020   Code   RO          693    i.vTaskPlaceOnEventList  tasks.o
    0x08003054   0x08003054   0x00000068   Code   RO          700    i.vTaskStartScheduler  tasks.o
    0x080030bc   0x080030bc   0x00000010   Code   RO          702    i.vTaskSuspendAll   tasks.o
    0x080030cc   0x080030cc   0x00000078   Code   RO          703    i.vTaskSwitchContext  tasks.o
    0x08003144   0x08003144   0x00000048   Code   RO          316    i.xPortStartScheduler  port.o
    0x0800318c   0x0800318c   0x00000038   Code   RO          392    i.xQueueGenericCreate  queue.o
    0x080031c4   0x080031c4   0x00000080   Code   RO          393    i.xQueueGenericReset  queue.o
    0x08003244   0x08003244   0x00000118   Code   RO          394    i.xQueueGenericSend  queue.o
    0x0800335c   0x0800335c   0x0000007c   Code   RO          396    i.xQueueGiveFromISR  queue.o
    0x080033d8   0x080033d8   0x00000104   Code   RO          401    i.xQueueReceive     queue.o
    0x080034dc   0x080034dc   0x000000f0   Code   RO          403    i.xQueueSemaphoreTake  queue.o
    0x080035cc   0x080035cc   0x0000005c   Code   RO          704    i.xTaskCheckForTimeOut  tasks.o
    0x08003628   0x08003628   0x00000060   Code   RO          705    i.xTaskCreate       tasks.o
    0x08003688   0x08003688   0x00000118   Code   RO          712    i.xTaskIncrementTick  tasks.o
    0x080037a0   0x080037a0   0x00000080   Code   RO          715    i.xTaskRemoveFromEventList  tasks.o
    0x08003820   0x08003820   0x000000e8   Code   RO          716    i.xTaskResumeAll    tasks.o
    0x08003908   0x08003908   0x0000002c   Code   RO         1181    locale$$code        c_w.l(lc_numeric_c.o)
    0x08003934   0x08003934   0x0000002c   Code   RO         1196    locale$$code        c_w.l(lc_ctype_c.o)
    0x08003960   0x08003960   0x00000062   Code   RO         1292    x$fpl$d2f           fz_wm.l(d2f.o)
    0x080039c2   0x080039c2   0x00000002   PAD
    0x080039c4   0x080039c4   0x00000150   Code   RO         1068    x$fpl$dadd          fz_wm.l(daddsub_clz.o)
    0x08003b14   0x08003b14   0x00000010   Code   RO         1383    x$fpl$dcheck1       fz_wm.l(dcheck1.o)
    0x08003b24   0x08003b24   0x00000018   Code   RO         1111    x$fpl$dcmpinf       fz_wm.l(dcmpi.o)
    0x08003b3c   0x08003b3c   0x000002b0   Code   RO         1075    x$fpl$ddiv          fz_wm.l(ddiv.o)
    0x08003dec   0x08003dec   0x00000078   Code   RO         1078    x$fpl$deqf          fz_wm.l(deqf.o)
    0x08003e64   0x08003e64   0x00000078   Code   RO         1317    x$fpl$dleqf         fz_wm.l(dleqf.o)
    0x08003edc   0x08003edc   0x00000154   Code   RO         1080    x$fpl$dmul          fz_wm.l(dmul.o)
    0x08004030   0x08004030   0x0000009c   Code   RO         1113    x$fpl$dnaninf       fz_wm.l(dnaninf.o)
    0x080040cc   0x080040cc   0x0000000c   Code   RO         1115    x$fpl$dretinf       fz_wm.l(dretinf.o)
    0x080040d8   0x080040d8   0x0000006c   Code   RO         1294    x$fpl$drleqf        fz_wm.l(drleqf.o)
    0x08004144   0x08004144   0x000001d4   Code   RO         1070    x$fpl$dsub          fz_wm.l(daddsub_clz.o)
    0x08004318   0x08004318   0x0000000a   Code   RO         1261    x$fpl$fpinit        fz_wm.l(fpinit.o)
    0x08004322   0x08004322   0x0000000a   Code   RO         1319    x$fpl$fretinf       fz_wm.l(fretinf.o)
    0x0800432c   0x0800432c   0x00000006   Code   RO         1183    x$fpl$ieeestatus    fz_wm.l(istatus.o)
    0x08004332   0x08004332   0x00000004   Code   RO         1082    x$fpl$printf1       fz_wm.l(printf1.o)
    0x08004336   0x08004336   0x00000064   Code   RO         1389    x$fpl$retnan        fz_wm.l(retnan.o)
    0x0800439a   0x0800439a   0x0000005c   Code   RO         1362    x$fpl$scalbn        fz_wm.l(scalbn.o)
    0x080043f6   0x080043f6   0x00000004   Code   RO         1185    x$fpl$scanf1        fz_wm.l(scanf1.o)
    0x080043fa   0x080043fa   0x00000008   Code   RO         1263    x$fpl$scanf2        fz_wm.l(scanf2.o)
    0x08004402   0x08004402   0x00000030   Code   RO         1407    x$fpl$trapveneer    fz_wm.l(trapv.o)
    0x08004432   0x08004432   0x00000000   Code   RO         1117    x$fpl$usenofp       fz_wm.l(usenofp.o)
    0x08004432   0x08004432   0x00000018   Data   RO          992    .constdata          system_stm32f7xx.o
    0x0800444a   0x0800444a   0x00000002   PAD
    0x0800444c   0x0800444c   0x00000094   Data   RO         1156    .constdata          c_w.l(bigflt0.o)
    0x080044e0   0x080044e0   0x0000004e   Data   RO           12    .conststring        main.o
    0x0800452e   0x0800452e   0x00000002   PAD
    0x08004530   0x08004530   0x00000020   Data   RO         1409    Region$$Table       anon$$obj.o
    0x08004550   0x08004550   0x00000008   Data   RO         1257    c$$dinf             fz_wm.l(fpconst.o)
    0x08004558   0x08004558   0x00000008   Data   RO         1260    c$$dmax             fz_wm.l(fpconst.o)
    0x08004560   0x08004560   0x0000001c   Data   RO         1180    locale$$data        c_w.l(lc_numeric_c.o)
    0x0800457c   0x0800457c   0x00000110   Data   RO         1195    locale$$data        c_w.l(lc_ctype_c.o)


    Execution Region ER_RW (Exec base: 0x20010000, Load base: 0x0800468c, Size: 0x0000005c, Max: 0xffffffff, ABSOLUTE)

    Exec Addr    Load Addr    Size         Type   Attr      Idx    E Section Name        Object

    0x20010000   0x0800468c   0x0000000e   Data   RW           13    .data               main.o
    0x2001000e   0x0800469a   0x00000002   PAD
    0x20010010   0x0800469c   0x00000008   Data   RW          241    .data               heap_1.o
    0x20010018   0x080046a4   0x00000004   Data   RW          317    .data               port.o
    0x2001001c   0x080046a8   0x0000003c   Data   RW          719    .data               tasks.o
    0x20010058   0x080046e4   0x00000004   Data   RW          993    .data               system_stm32f7xx.o


    Execution Region ER_ZI (Exec base: 0x2001005c, Load base: 0x080046e8, Size: 0x0000813c, Max: 0xffffffff, ABSOLUTE)

    Exec Addr    Load Addr    Size         Type   Attr      Idx    E Section Name        Object

    0x2001005c        -       0x00000014   Zero   RW           11    .bss                main.o
    0x20010070        -       0x00002000   Zero   RW          240    .bss                heap_1.o
    0x20012070        -       0x000000c8   Zero   RW          718    .bss                tasks.o
    0x20012138        -       0x00000060   Zero   RW         1119    .bss                c_w.l(libspace.o)
    0x20012198        -       0x00002000   Zero   RW          981    HEAP                startup_stm32f746xx.o
    0x20014198        -       0x00004000   Zero   RW          980    STACK               startup_stm32f746xx.o


==============================================================================

Image component sizes


      Code (inc. data)   RO Data    RW Data    ZI Data      Debug   Object Name

         0          0          0          0          0       8708   event_groups.o
       114         14          0          8       8192       1819   heap_1.o
       148          0          0          0          0       3054   list.o
      1276        182         78         14         20     676782   main.o
       488         56          0          4          0       8360   port.o
      1456         20          0          0          0      10965   queue.o
        64         26        456          0      24576        832   startup_stm32f746xx.o
       288         36         24          4          0       2043   system_stm32f7xx.o
      1870        304          0         60        200      22748   tasks.o

    ----------------------------------------------------------------------
      5712        638        594         92      32988     735311   Object Totals
         0          0         32          0          0          0   (incl. Generated)
         8          0          4          2          0          0   (incl. Padding)

    ----------------------------------------------------------------------

      Code (inc. data)   RO Data    RW Data    ZI Data      Debug   Library Member Name

         8          0          0          0          0         68   __main.o
       104          0          0          0          0         84   __printf.o
        14          0          0          0          0         68   __printf_wp.o
         0          0          0          0          0          0   __rtentry.o
        12          0          0          0          0          0   __rtentry2.o
         6          0          0          0          0          0   __rtentry4.o
        52          8          0          0          0          0   __scatter.o
        26          0          0          0          0          0   __scatter_copy.o
        28          0          0          0          0          0   __scatter_zi.o
        28          0          0          0          0         68   _chval.o
        48          6          0          0          0         96   _printf_char_common.o
         6          0          0          0          0          0   _printf_f.o
      1054          0          0          0          0        216   _printf_fp_dec.o
       128         16          0          0          0         84   _printf_fp_infnan.o
         0          0          0          0          0          0   _printf_percent.o
         4          0          0          0          0          0   _printf_percent_end.o
        22          0          0          0          0        100   _rserrno.o
        64          0          0          0          0         84   _sgetc.o
        10          0          0          0          0         68   _sputc.o
       158          0          0          0          0         92   _strtoul.o
        26          0          0          0          0         80   atoi.o
       228          4        148          0          0         96   bigflt0.o
      2152        136          0          0          0        960   btod.o
        18          0          0          0          0         80   exit.o
         6          0          0          0          0        152   heapauxi.o
         0          0          0          0          0          0   indicate_semi.o
        18          0          0          0          0         76   isspace.o
        44         10        272          0          0         76   lc_ctype_c.o
        44         10         28          0          0         76   lc_numeric_c.o
         2          0          0          0          0          0   libinit.o
        34          0          0          0          0          0   libinit2.o
         2          0          0          0          0          0   libshutdown.o
         2          0          0          0          0          0   libshutdown2.o
         8          4          0          0         96         68   libspace.o
        38          0          0          0          0         68   llshl.o
       138          0          0          0          0         80   lludiv10.o
        40          6          0          0          0         84   noretval__2sprintf.o
        16          4          0          0          0         76   rt_ctype_table.o
         8          4          0          0          0         68   rt_errno_addr_intlibspace.o
         8          4          0          0          0         68   rt_locale_intlibspace.o
       138          0          0          0          0         68   rt_memcpy_v6.o
       100          0          0          0          0         80   rt_memcpy_w.o
         2          0          0          0          0          0   rtexit.o
        10          0          0          0          0          0   rtexit2.o
      1272         16          0          0          0        168   scanf_fp.o
       800         14          0          0          0        100   scanf_hexfp.o
       308         16          0          0          0        100   scanf_infnan.o
       104          0          0          0          0         68   strcmpv7m_pel.o
       164         14          0          0          0        120   strtod.o
       112          0          0          0          0         88   strtol.o
        12          4          0          0          0         68   sys_exit.o
        74          0          0          0          0         80   sys_stackheap_outer.o
         2          0          0          0          0         68   use_no_semi.o
        98          4          0          0          0        140   d2f.o
       804         16          0          0          0        368   daddsub_clz.o
        16          4          0          0          0        116   dcheck1.o
        24          0          0          0          0        116   dcmpi.o
       688        140          0          0          0        256   ddiv.o
       120          4          0          0          0        140   deqf.o
       120          4          0          0          0        140   dleqf.o
       340         12          0          0          0        152   dmul.o
       156          4          0          0          0        140   dnaninf.o
        12          0          0          0          0        116   dretinf.o
       108          0          0          0          0        128   drleqf.o
         0          0         16          0          0          0   fpconst.o
        10          0          0          0          0        116   fpinit.o
        10          0          0          0          0        116   fretinf.o
         6          0          0          0          0        116   istatus.o
         4          0          0          0          0        116   printf1.o
       100          0          0          0          0        116   retnan.o
        92          0          0          0          0        116   scalbn.o
         4          0          0          0          0        116   scanf1.o
         8          0          0          0          0        132   scanf2.o
        48          0          0          0          0        116   trapv.o
         0          0          0          0          0          0   usenofp.o
        56         12          0          0          0        132   atof.o
        64         16          0          0          0        248   dunder.o
        48          0          0          0          0        124   fpclassify.o
       140         22          0          0          0        132   frexp.o
       228          8          0          0          0        308   ldexp.o
       266         16          0          0          0        308   narrow.o

    ----------------------------------------------------------------------
     11290        538        464          0         96       8268   Library Totals
        18          0          0          0          0          0   (incl. Padding)

    ----------------------------------------------------------------------

      Code (inc. data)   RO Data    RW Data    ZI Data      Debug   Library Name

      7702        276        448          0         96       4144   c_w.l
      2768        188         16          0          0       2872   fz_wm.l
       802         74          0          0          0       1252   m_wm.l

    ----------------------------------------------------------------------
     11290        538        464          0         96       8268   Library Totals

    ----------------------------------------------------------------------

==============================================================================


      Code (inc. data)   RO Data    RW Data    ZI Data      Debug   

     17002       1176       1058         92      33084     733391   Grand Totals
     17002       1176       1058         92      33084     733391   ELF Image Totals
     17002       1176       1058         92          0          0   ROM Totals

==============================================================================

    Total RO  Size (Code + RO Data)                18060 (  17.64kB)
    Total RW  Size (RW Data + ZI Data)             33176 (  32.40kB)
    Total ROM Size (Code + RO Data + RW Data)      18152 (  17.73kB)

==============================================================================

